Archive member included because of file (symbol)

c:/freescale/kds_v3/toolchain/bin/../lib/gcc/arm-none-eabi/4.8.4/../../../../arm-none-eabi/lib/armv7e-m/fpu\libm.a(lib_a-w_sqrt.o)
                              ./Sources/Drawshapes.o (sqrt)
c:/freescale/kds_v3/toolchain/bin/../lib/gcc/arm-none-eabi/4.8.4/../../../../arm-none-eabi/lib/armv7e-m/fpu\libm.a(lib_a-e_sqrt.o)
                              c:/freescale/kds_v3/toolchain/bin/../lib/gcc/arm-none-eabi/4.8.4/../../../../arm-none-eabi/lib/armv7e-m/fpu\libm.a(lib_a-w_sqrt.o) (__ieee754_sqrt)
c:/freescale/kds_v3/toolchain/bin/../lib/gcc/arm-none-eabi/4.8.4/../../../../arm-none-eabi/lib/armv7e-m/fpu\libm.a(lib_a-s_fpclassify.o)
                              c:/freescale/kds_v3/toolchain/bin/../lib/gcc/arm-none-eabi/4.8.4/../../../../arm-none-eabi/lib/armv7e-m/fpu\libm.a(lib_a-w_sqrt.o) (__fpclassifyd)
c:/freescale/kds_v3/toolchain/bin/../lib/gcc/arm-none-eabi/4.8.4/../../../../arm-none-eabi/lib/armv7e-m/fpu\libm.a(lib_a-s_lib_ver.o)
                              c:/freescale/kds_v3/toolchain/bin/../lib/gcc/arm-none-eabi/4.8.4/../../../../arm-none-eabi/lib/armv7e-m/fpu\libm.a(lib_a-w_sqrt.o) (__fdlib_version)
c:/freescale/kds_v3/toolchain/bin/../lib/gcc/arm-none-eabi/4.8.4/../../../../arm-none-eabi/lib/armv7e-m/fpu\libm.a(lib_a-s_matherr.o)
                              c:/freescale/kds_v3/toolchain/bin/../lib/gcc/arm-none-eabi/4.8.4/../../../../arm-none-eabi/lib/armv7e-m/fpu\libm.a(lib_a-w_sqrt.o) (matherr)
c:/freescale/kds_v3/toolchain/bin/../lib/gcc/arm-none-eabi/4.8.4/armv7e-m/fpu\libgcc.a(_arm_addsubdf3.o)
                              c:/freescale/kds_v3/toolchain/bin/../lib/gcc/arm-none-eabi/4.8.4/../../../../arm-none-eabi/lib/armv7e-m/fpu\libm.a(lib_a-e_sqrt.o) (__aeabi_dsub)
c:/freescale/kds_v3/toolchain/bin/../lib/gcc/arm-none-eabi/4.8.4/armv7e-m/fpu\libgcc.a(_arm_muldivdf3.o)
                              c:/freescale/kds_v3/toolchain/bin/../lib/gcc/arm-none-eabi/4.8.4/../../../../arm-none-eabi/lib/armv7e-m/fpu\libm.a(lib_a-e_sqrt.o) (__aeabi_dmul)
c:/freescale/kds_v3/toolchain/bin/../lib/gcc/arm-none-eabi/4.8.4/armv7e-m/fpu\libgcc.a(_arm_cmpdf2.o)
                              c:/freescale/kds_v3/toolchain/bin/../lib/gcc/arm-none-eabi/4.8.4/../../../../arm-none-eabi/lib/armv7e-m/fpu\libm.a(lib_a-w_sqrt.o) (__aeabi_dcmplt)
c:/freescale/kds_v3/toolchain/bin/../lib/gcc/arm-none-eabi/4.8.4/armv7e-m/fpu\libgcc.a(_arm_fixdfsi.o)
                              ./Sources/Drawshapes.o (__aeabi_d2iz)
c:/freescale/kds_v3/toolchain/bin/../lib/gcc/arm-none-eabi/4.8.4/../../../../arm-none-eabi/lib/armv7e-m/fpu\libg_s.a(lib_a-errno.o)
                              c:/freescale/kds_v3/toolchain/bin/../lib/gcc/arm-none-eabi/4.8.4/../../../../arm-none-eabi/lib/armv7e-m/fpu\libm.a(lib_a-w_sqrt.o) (__errno)
c:/freescale/kds_v3/toolchain/bin/../lib/gcc/arm-none-eabi/4.8.4/../../../../arm-none-eabi/lib/armv7e-m/fpu\libg_s.a(lib_a-exit.o)
                              c:/freescale/kds_v3/toolchain/bin/../lib/gcc/arm-none-eabi/4.8.4/../../../../arm-none-eabi/lib/armv7e-m/fpu/crt0.o (exit)
c:/freescale/kds_v3/toolchain/bin/../lib/gcc/arm-none-eabi/4.8.4/../../../../arm-none-eabi/lib/armv7e-m/fpu\libg_s.a(lib_a-impure.o)
                              c:/freescale/kds_v3/toolchain/bin/../lib/gcc/arm-none-eabi/4.8.4/../../../../arm-none-eabi/lib/armv7e-m/fpu\libg_s.a(lib_a-exit.o) (_global_impure_ptr)
c:/freescale/kds_v3/toolchain/bin/../lib/gcc/arm-none-eabi/4.8.4/../../../../arm-none-eabi/lib/armv7e-m/fpu\libg_s.a(lib_a-init.o)
                              c:/freescale/kds_v3/toolchain/bin/../lib/gcc/arm-none-eabi/4.8.4/../../../../arm-none-eabi/lib/armv7e-m/fpu/crt0.o (__libc_init_array)
c:/freescale/kds_v3/toolchain/bin/../lib/gcc/arm-none-eabi/4.8.4/../../../../arm-none-eabi/lib/armv7e-m/fpu\libg_s.a(lib_a-memset.o)
                              c:/freescale/kds_v3/toolchain/bin/../lib/gcc/arm-none-eabi/4.8.4/../../../../arm-none-eabi/lib/armv7e-m/fpu/crt0.o (memset)
c:/freescale/kds_v3/toolchain/bin/../lib/gcc/arm-none-eabi/4.8.4/../../../../arm-none-eabi/lib/armv7e-m/fpu\libnosys.a(_exit.o)
                              c:/freescale/kds_v3/toolchain/bin/../lib/gcc/arm-none-eabi/4.8.4/../../../../arm-none-eabi/lib/armv7e-m/fpu\libg_s.a(lib_a-exit.o) (_exit)

Allocating common symbols
Common symbol       size              file

ASerialLdd1_DeviceDataPtr
                    0x4               ./Generated_Code/Inhr1.o
c                   0x1               ./Sources/main.o
SR_reg              0x1               ./Static_Code/System/CPU_Init.o

Discarded input sections

 .text          0x00000000        0x0 c:/freescale/kds_v3/toolchain/bin/../lib/gcc/arm-none-eabi/4.8.4/armv7e-m/fpu/crti.o
 .data          0x00000000        0x0 c:/freescale/kds_v3/toolchain/bin/../lib/gcc/arm-none-eabi/4.8.4/armv7e-m/fpu/crti.o
 .bss           0x00000000        0x0 c:/freescale/kds_v3/toolchain/bin/../lib/gcc/arm-none-eabi/4.8.4/armv7e-m/fpu/crti.o
[...]
Memory Configuration

Name             Origin             Length             Attributes
m_interrupts     0x00000000         0x00000198         xr
m_text           0x00000410         0x0007fbf0         xr
m_data           0x1fff0000         0x00010000         rw
m_data_20000000  0x20000000         0x00010000         rw
m_cfmprotrom     0x00000400         0x00000010         xr
*default*        0x00000000         0xffffffff

Linker script and memory map

LOAD c:/freescale/kds_v3/toolchain/bin/../lib/gcc/arm-none-eabi/4.8.4/armv7e-m/fpu/crti.o
LOAD c:/freescale/kds_v3/toolchain/bin/../lib/gcc/arm-none-eabi/4.8.4/armv7e-m/fpu/crtbegin.o
LOAD c:/freescale/kds_v3/toolchain/bin/../lib/gcc/arm-none-eabi/4.8.4/../../../../arm-none-eabi/lib/armv7e-m/fpu/crt0.o
LOAD ./Static_Code/System/CPU_Init.o
LOAD ./Static_Code/System/Peripherals_Init.o
LOAD ./Static_Code/System/Vectors.o
LOAD ./Sources/Drawshapes.o
LOAD ./Sources/Events.o
LOAD ./Sources/GUI.o
LOAD ./Sources/Motors.o
LOAD ./Sources/main.o
LOAD ./Project_Settings/Startup_Code/startup.o
LOAD ./Generated_Code/ASerialLdd1.o
LOAD ./Generated_Code/BitIoLdd1.o
LOAD ./Generated_Code/BitIoLdd10.o
LOAD ./Generated_Code/BitIoLdd11.o
LOAD ./Generated_Code/BitIoLdd12.o
LOAD ./Generated_Code/BitIoLdd2.o
LOAD ./Generated_Code/BitIoLdd3.o
LOAD ./Generated_Code/BitIoLdd4.o
LOAD ./Generated_Code/BitIoLdd5.o
LOAD ./Generated_Code/BitIoLdd6.o
LOAD ./Generated_Code/BitIoLdd7.o
LOAD ./Generated_Code/BitIoLdd8.o
LOAD ./Generated_Code/BitIoLdd9.o
LOAD ./Generated_Code/Cpu.o
LOAD ./Generated_Code/FC321.o
LOAD ./Generated_Code/Inhr1.o
LOAD ./Generated_Code/PE_LDD.o
LOAD ./Generated_Code/PWM1.o
LOAD ./Generated_Code/Pins1.o
LOAD ./Generated_Code/PwmLdd1.o
LOAD ./Generated_Code/RealTimeLdd1.o
LOAD ./Generated_Code/TU1.o
LOAD ./Generated_Code/TU2.o
LOAD ./Generated_Code/Term1.o
LOAD ./Generated_Code/enable.o
LOAD ./Generated_Code/mode_0.o
LOAD ./Generated_Code/mode_1.o
LOAD ./Generated_Code/mode_2.o
LOAD ./Generated_Code/reset.o
LOAD ./Generated_Code/sleep.o
LOAD ./Generated_Code/x_dir.o
LOAD ./Generated_Code/x_step.o
LOAD ./Generated_Code/y_dir.o
LOAD ./Generated_Code/y_step.o
LOAD ./Generated_Code/z_dir.o
LOAD ./Generated_Code/z_step.o
LOAD c:/freescale/kds_v3/toolchain/bin/../lib/gcc/arm-none-eabi/4.8.4/../../../../arm-none-eabi/lib/armv7e-m/fpu\libstdc++_s.a
LOAD c:/freescale/kds_v3/toolchain/bin/../lib/gcc/arm-none-eabi/4.8.4/../../../../arm-none-eabi/lib/armv7e-m/fpu\libm.a
START GROUP
LOAD c:/freescale/kds_v3/toolchain/bin/../lib/gcc/arm-none-eabi/4.8.4/armv7e-m/fpu\libgcc.a
LOAD c:/freescale/kds_v3/toolchain/bin/../lib/gcc/arm-none-eabi/4.8.4/../../../../arm-none-eabi/lib/armv7e-m/fpu\libg_s.a
LOAD c:/freescale/kds_v3/toolchain/bin/../lib/gcc/arm-none-eabi/4.8.4/../../../../arm-none-eabi/lib/armv7e-m/fpu\libc_s.a
END GROUP
START GROUP
LOAD c:/freescale/kds_v3/toolchain/bin/../lib/gcc/arm-none-eabi/4.8.4/armv7e-m/fpu\libgcc.a
LOAD c:/freescale/kds_v3/toolchain/bin/../lib/gcc/arm-none-eabi/4.8.4/../../../../arm-none-eabi/lib/armv7e-m/fpu\libc_s.a
LOAD c:/freescale/kds_v3/toolchain/bin/../lib/gcc/arm-none-eabi/4.8.4/../../../../arm-none-eabi/lib/armv7e-m/fpu\libnosys.a
END GROUP
START GROUP
LOAD c:/freescale/kds_v3/toolchain/bin/../lib/gcc/arm-none-eabi/4.8.4/armv7e-m/fpu\libgcc.a
LOAD c:/freescale/kds_v3/toolchain/bin/../lib/gcc/arm-none-eabi/4.8.4/../../../../arm-none-eabi/lib/armv7e-m/fpu\libc_s.a
LOAD c:/freescale/kds_v3/toolchain/bin/../lib/gcc/arm-none-eabi/4.8.4/../../../../arm-none-eabi/lib/armv7e-m/fpu\libnosys.a
END GROUP
LOAD c:/freescale/kds_v3/toolchain/bin/../lib/gcc/arm-none-eabi/4.8.4/armv7e-m/fpu/crtend.o
LOAD c:/freescale/kds_v3/toolchain/bin/../lib/gcc/arm-none-eabi/4.8.4/armv7e-m/fpu/crtn.o
                0x20000000                _estack = 0x20000000
                0x20000000                __SP_INIT = _estack
                0x20000000                __stack = _estack
                0x00000000                __heap_size = 0x0
                0x00000400                __stack_size = 0x400

.interrupts     0x00000000      0x198
                0x00000000                __vector_table = .
                0x00000000                . = ALIGN (0x4)
 *(.vectortable)
 .vectortable   0x00000000      0x198 ./Static_Code/System/Vectors.o
                0x00000000                __vect_table
                0x00000198                . = ALIGN (0x4)

.cfmprotect     0x00000400       0x10
                0x00000400                . = ALIGN (0x4)
 *(.cfmconfig)
 .cfmconfig     0x00000400       0x10 ./Static_Code/System/CPU_Init.o
                0x00000400                _cfm
                0x00000410                . = ALIGN (0x4)

.text           0x00000410     0x45bc
                0x00000410                . = ALIGN (0x4)
 *(.text)
 .text          0x00000410       0x54 c:/freescale/kds_v3/toolchain/bin/../lib/gcc/arm-none-eabi/4.8.4/armv7e-m/fpu/crtbegin.o
 .text          0x00000464       0x74 c:/freescale/kds_v3/toolchain/bin/../lib/gcc/arm-none-eabi/4.8.4/../../../../arm-none-eabi/lib/armv7e-m/fpu/crt0.o
                0x00000464                _start
                0x00000464                _mainCRTStartup
 .text          0x000004d8      0x370 c:/freescale/kds_v3/toolchain/bin/../lib/gcc/arm-none-eabi/4.8.4/armv7e-m/fpu\libgcc.a(_arm_addsubdf3.o)
                0x000004d8                __aeabi_drsub
                0x000004e0                __aeabi_dsub
                0x000004e0                __subdf3
                0x000004e4                __aeabi_dadd
                0x000004e4                __adddf3
                0x0000075c                __floatunsidf
                0x0000075c                __aeabi_ui2d
                0x0000077c                __floatsidf
                0x0000077c                __aeabi_i2d
                0x000007a0                __aeabi_f2d
                0x000007a0                __extendsfdf2
                0x000007dc                __floatundidf
                0x000007dc                __aeabi_ul2d
                0x000007ec                __floatdidf
                0x000007ec                __aeabi_l2d
 .text          0x00000848      0x424 c:/freescale/kds_v3/toolchain/bin/../lib/gcc/arm-none-eabi/4.8.4/armv7e-m/fpu\libgcc.a(_arm_muldivdf3.o)
                0x00000848                __aeabi_dmul
                0x00000848                __muldf3
                0x00000a9c                __divdf3
                0x00000a9c                __aeabi_ddiv
 .text          0x00000c6c      0x110 c:/freescale/kds_v3/toolchain/bin/../lib/gcc/arm-none-eabi/4.8.4/armv7e-m/fpu\libgcc.a(_arm_cmpdf2.o)
                0x00000c6c                __gtdf2
                0x00000c6c                __gedf2
                0x00000c74                __ltdf2
                0x00000c74                __ledf2
                0x00000c7c                __nedf2
                0x00000c7c                __eqdf2
                0x00000c7c                __cmpdf2
                0x00000cf8                __aeabi_cdrcmple
                0x00000d08                __aeabi_cdcmpeq
                0x00000d08                __aeabi_cdcmple
                0x00000d18                __aeabi_dcmpeq
                0x00000d2c                __aeabi_dcmplt
                0x00000d40                __aeabi_dcmple
                0x00000d54                __aeabi_dcmpge
                0x00000d68                __aeabi_dcmpgt
 .text          0x00000d7c       0x50 c:/freescale/kds_v3/toolchain/bin/../lib/gcc/arm-none-eabi/4.8.4/armv7e-m/fpu\libgcc.a(_arm_fixdfsi.o)
                0x00000d7c                __aeabi_d2iz
                0x00000d7c                __fixdfsi
 *(.text*)
 .text.CPU_SetBASEPRI
                0x00000dcc       0x18 ./Static_Code/System/CPU_Init.o
                0x00000dcc                CPU_SetBASEPRI
 .text.__init_hardware
                0x00000de4       0xb4 ./Static_Code/System/CPU_Init.o
                0x00000de4                __init_hardware
 .text.PE_low_level_init
                0x00000e98       0x44 ./Static_Code/System/CPU_Init.o
                0x00000e98                PE_low_level_init
 .text.CPU_GetClockGenMode
                0x00000edc       0x90 ./Static_Code/System/CPU_Init.o
                0x00000edc                CPU_GetClockGenMode
 .text.CPU_SetClockConfigGenMode
                0x00000f6c      0x54c ./Static_Code/System/CPU_Init.o
                0x00000f6c                CPU_SetClockConfigGenMode
 .text.UnhandledInterrupt
                0x000014b8       0x18 ./Static_Code/System/Vectors.o
                0x000014b8                UnhandledInterrupt
 .text.draw_House
                0x000014d0      0x1d8 ./Sources/Drawshapes.o
                0x000014d0                draw_House
 .text.control_circle_dir
                0x000016a8      0x194 ./Sources/Drawshapes.o
                0x000016a8                control_circle_dir
 .text.draw_oval
                0x0000183c      0x1c8 ./Sources/Drawshapes.o
                0x0000183c                draw_oval
 .text.draw_shapes
                0x00001a04       0x64 ./Sources/Drawshapes.o
                0x00001a04                draw_shapes
 .text.Cpu_OnNMI
                0x00001a68        0xc ./Sources/Events.o
                0x00001a68                Cpu_OnNMI
 .text.Inhr1_OnRxChar
                0x00001a74       0x20 ./Sources/Events.o
                0x00001a74                Inhr1_OnRxChar
 .text.GUI_main
                0x00001a94       0xf0 ./Sources/GUI.o
                0x00001a94                GUI_main
 .text.GUI_Menu
                0x00001b84       0x68 ./Sources/GUI.o
                0x00001b84                GUI_Menu
 .text.GUI_manual
                0x00001bec       0xbc ./Sources/GUI.o
                0x00001bec                GUI_manual
 .text.GUI_clear
                0x00001ca8       0x30 ./Sources/GUI.o
                0x00001ca8                GUI_clear
 .text.GUI_shapes
                0x00001cd8       0x50 ./Sources/GUI.o
                0x00001cd8                GUI_shapes
 .text.clean_prompt
                0x00001d28       0x20 ./Sources/GUI.o
                0x00001d28                clean_prompt
 .text.prompt_decrease
                0x00001d48       0x34 ./Sources/GUI.o
                0x00001d48                prompt_decrease
 .text.prompt_increase
                0x00001d7c       0x34 ./Sources/GUI.o
                0x00001d7c                prompt_increase
 .text.change_x
                0x00001db0       0x30 ./Sources/GUI.o
                0x00001db0                change_x
 .text.change_y
                0x00001de0       0x30 ./Sources/GUI.o
                0x00001de0                change_y
 .text.change_z
                0x00001e10       0x30 ./Sources/GUI.o
                0x00001e10                change_z
 .text.change_p
                0x00001e40       0x30 ./Sources/GUI.o
                0x00001e40                change_p
 .text.reset_position_GUI
                0x00001e70       0x60 ./Sources/GUI.o
                0x00001e70                reset_position_GUI
 .text.delay    0x00001ed0       0x38 ./Sources/Motors.o
                0x00001ed0                delay
 .text.starterup
                0x00001f08       0x3c ./Sources/Motors.o
                0x00001f08                starterup
 .text.x_motor  0x00001f44       0x88 ./Sources/Motors.o
                0x00001f44                x_motor
 .text.y_motor  0x00001fcc       0x88 ./Sources/Motors.o
                0x00001fcc                y_motor
 .text.z_motor  0x00002054       0x7c ./Sources/Motors.o
                0x00002054                z_motor
 .text.manual_control
                0x000020d0      0x204 ./Sources/Motors.o
                0x000020d0                manual_control
 .text.x_reset  0x000022d4       0x54 ./Sources/Motors.o
                0x000022d4                x_reset
 .text.y_reset  0x00002328       0x50 ./Sources/Motors.o
                0x00002328                y_reset
 .text.z_reset  0x00002378       0x50 ./Sources/Motors.o
                0x00002378                z_reset
 .text.reset_position
                0x000023c8       0x74 ./Sources/Motors.o
                0x000023c8                reset_position
 .text.main     0x0000243c      0x168 ./Sources/main.o
                0x0000243c                main
 .text.__copy_rom_section
                0x000025a4       0xe4 ./Project_Settings/Startup_Code/startup.o
                0x000025a4                __copy_rom_section
 .text.__copy_rom_sections_to_ram
                0x00002688       0x9c ./Project_Settings/Startup_Code/startup.o
                0x00002688                __copy_rom_sections_to_ram
 .text.__init_registers
                0x00002724       0x20 ./Project_Settings/Startup_Code/startup.o
                0x00002724                __init_registers
 .text.__init_user
                0x00002744        0xc ./Project_Settings/Startup_Code/startup.o
                0x00002744                __init_user
 .text.__thumb_startup
                0x00002750       0x34 ./Project_Settings/Startup_Code/startup.o
                0x00002750                __thumb_startup
 .text.ASerialLdd1_Init
                0x00002784      0x1d8 ./Generated_Code/ASerialLdd1.o
                0x00002784                ASerialLdd1_Init
 .text.ASerialLdd1_ReceiveBlock
                0x0000295c       0x90 ./Generated_Code/ASerialLdd1.o
                0x0000295c                ASerialLdd1_ReceiveBlock
 .text.ASerialLdd1_SendBlock
                0x000029ec       0xbc ./Generated_Code/ASerialLdd1.o
                0x000029ec                ASerialLdd1_SendBlock
 .text.InterruptRx
                0x00002aa8       0x58 ./Generated_Code/ASerialLdd1.o
 .text.InterruptTx
                0x00002b00       0x80 ./Generated_Code/ASerialLdd1.o
 .text.ASerialLdd1_Interrupt
                0x00002b80       0xf4 ./Generated_Code/ASerialLdd1.o
                0x00002b80                ASerialLdd1_Interrupt
 .text.ASerialLdd1_GetError
                0x00002c74       0x70 ./Generated_Code/ASerialLdd1.o
                0x00002c74                ASerialLdd1_GetError
 .text.BitIoLdd1_Init
                0x00002ce4       0x80 ./Generated_Code/BitIoLdd1.o
                0x00002ce4                BitIoLdd1_Init
 .text.BitIoLdd1_NegVal
                0x00002d64       0x1c ./Generated_Code/BitIoLdd1.o
                0x00002d64                BitIoLdd1_NegVal
 .text.BitIoLdd10_Init
                0x00002d80       0x80 ./Generated_Code/BitIoLdd10.o
                0x00002d80                BitIoLdd10_Init
 .text.BitIoLdd10_ClrVal
                0x00002e00       0x1c ./Generated_Code/BitIoLdd10.o
                0x00002e00                BitIoLdd10_ClrVal
 .text.BitIoLdd11_Init
                0x00002e1c       0x80 ./Generated_Code/BitIoLdd11.o
                0x00002e1c                BitIoLdd11_Init
 .text.BitIoLdd11_ClrVal
                0x00002e9c       0x1c ./Generated_Code/BitIoLdd11.o
                0x00002e9c                BitIoLdd11_ClrVal
 .text.BitIoLdd12_Init
                0x00002eb8       0x80 ./Generated_Code/BitIoLdd12.o
                0x00002eb8                BitIoLdd12_Init
 .text.BitIoLdd12_ClrVal
                0x00002f38       0x1c ./Generated_Code/BitIoLdd12.o
                0x00002f38                BitIoLdd12_ClrVal
 .text.BitIoLdd2_Init
                0x00002f54       0x80 ./Generated_Code/BitIoLdd2.o
                0x00002f54                BitIoLdd2_Init
 .text.BitIoLdd2_PutVal
                0x00002fd4       0x30 ./Generated_Code/BitIoLdd2.o
                0x00002fd4                BitIoLdd2_PutVal
 .text.BitIoLdd3_Init
                0x00003004       0x80 ./Generated_Code/BitIoLdd3.o
                0x00003004                BitIoLdd3_Init
 .text.BitIoLdd3_NegVal
                0x00003084       0x1c ./Generated_Code/BitIoLdd3.o
                0x00003084                BitIoLdd3_NegVal
 .text.BitIoLdd4_Init
                0x000030a0       0x80 ./Generated_Code/BitIoLdd4.o
                0x000030a0                BitIoLdd4_Init
 .text.BitIoLdd4_PutVal
                0x00003120       0x30 ./Generated_Code/BitIoLdd4.o
                0x00003120                BitIoLdd4_PutVal
 .text.BitIoLdd5_Init
                0x00003150       0x80 ./Generated_Code/BitIoLdd5.o
                0x00003150                BitIoLdd5_Init
 .text.BitIoLdd5_NegVal
                0x000031d0       0x20 ./Generated_Code/BitIoLdd5.o
                0x000031d0                BitIoLdd5_NegVal
 .text.BitIoLdd6_Init
                0x000031f0       0x80 ./Generated_Code/BitIoLdd6.o
                0x000031f0                BitIoLdd6_Init
 .text.BitIoLdd6_PutVal
                0x00003270       0x30 ./Generated_Code/BitIoLdd6.o
                0x00003270                BitIoLdd6_PutVal
 .text.BitIoLdd7_Init
                0x000032a0       0x80 ./Generated_Code/BitIoLdd7.o
                0x000032a0                BitIoLdd7_Init
 .text.BitIoLdd7_SetVal
                0x00003320       0x20 ./Generated_Code/BitIoLdd7.o
                0x00003320                BitIoLdd7_SetVal
 .text.BitIoLdd8_Init
                0x00003340       0x80 ./Generated_Code/BitIoLdd8.o
                0x00003340                BitIoLdd8_Init
 .text.BitIoLdd8_SetVal
                0x000033c0       0x20 ./Generated_Code/BitIoLdd8.o
                0x000033c0                BitIoLdd8_SetVal
 .text.BitIoLdd9_Init
                0x000033e0       0x80 ./Generated_Code/BitIoLdd9.o
                0x000033e0                BitIoLdd9_Init
 .text.Components_Init
                0x00003460       0x60 ./Generated_Code/Cpu.o
                0x00003460                Components_Init
 .text.Cpu_INT_NMIInterrupt
                0x000034c0       0x1c ./Generated_Code/Cpu.o
                0x000034c0                Cpu_INT_NMIInterrupt
 .text.HWEnDi   0x000034dc       0x1c ./Generated_Code/Inhr1.o
 .text.Inhr1_RecvChar
                0x000034f8       0xd8 ./Generated_Code/Inhr1.o
                0x000034f8                Inhr1_RecvChar
 .text.Inhr1_SendChar
                0x000035d0       0xdc ./Generated_Code/Inhr1.o
                0x000035d0                Inhr1_SendChar
 .text.Inhr1_Init
                0x000036ac       0x60 ./Generated_Code/Inhr1.o
                0x000036ac                Inhr1_Init
 .text.ASerialLdd1_OnBlockReceived
                0x0000370c       0x90 ./Generated_Code/Inhr1.o
                0x0000370c                ASerialLdd1_OnBlockReceived
 .text.ASerialLdd1_OnBlockSent
                0x0000379c       0x88 ./Generated_Code/Inhr1.o
                0x0000379c                ASerialLdd1_OnBlockSent
 .text.ASerialLdd1_OnError
                0x00003824       0x98 ./Generated_Code/Inhr1.o
                0x00003824                ASerialLdd1_OnError
 .text.ASerialLdd1_OnBreak
                0x000038bc       0x24 ./Generated_Code/Inhr1.o
                0x000038bc                ASerialLdd1_OnBreak
 .text.PwmLdd1_Init
                0x000038e0       0x58 ./Generated_Code/PwmLdd1.o
                0x000038e0                PwmLdd1_Init
 .text.PwmLdd1_SetRatio8
                0x00003938       0x2c ./Generated_Code/PwmLdd1.o
                0x00003938                PwmLdd1_SetRatio8
 .text.SetRatio
                0x00003964       0x54 ./Generated_Code/PwmLdd1.o
 .text.RealTimeLdd1_Init
                0x000039b8       0x5c ./Generated_Code/RealTimeLdd1.o
                0x000039b8                RealTimeLdd1_Init
 .text.RealTimeLdd1_Reset
                0x00003a14       0x74 ./Generated_Code/RealTimeLdd1.o
                0x00003a14                RealTimeLdd1_Reset
 .text.RealTimeLdd1_GetTimeMS
                0x00003a88       0xc0 ./Generated_Code/RealTimeLdd1.o
                0x00003a88                RealTimeLdd1_GetTimeMS
 .text.TU2_OnCounterRestart
                0x00003b48       0x34 ./Generated_Code/RealTimeLdd1.o
                0x00003b48                TU2_OnCounterRestart
 .text.TU1_Init
                0x00003b7c      0x100 ./Generated_Code/TU1.o
                0x00003b7c                TU1_Init
 .text.TU1_GetPeriodTicks
                0x00003c7c       0x30 ./Generated_Code/TU1.o
                0x00003c7c                TU1_GetPeriodTicks
 .text.TU1_SetOffsetTicks
                0x00003cac       0x44 ./Generated_Code/TU1.o
                0x00003cac                TU1_SetOffsetTicks
 .text.TU2_Init
                0x00003cf0       0xf8 ./Generated_Code/TU2.o
                0x00003cf0                TU2_Init
 .text.TU2_ResetCounter
                0x00003de8       0x20 ./Generated_Code/TU2.o
                0x00003de8                TU2_ResetCounter
 .text.TU2_Interrupt
                0x00003e08       0x6c ./Generated_Code/TU2.o
                0x00003e08                TU2_Interrupt
 .text.SendESCPrefix
                0x00003e74       0x24 ./Generated_Code/Term1.o
 .text.Term1_SendStr
                0x00003e98       0x34 ./Generated_Code/Term1.o
                0x00003e98                Term1_SendStr
 .text.LongToStr
                0x00003ecc       0xf4 ./Generated_Code/Term1.o
 .text.Term1_SendNum
                0x00003fc0       0x54 ./Generated_Code/Term1.o
                0x00003fc0                Term1_SendNum
 .text.Term1_Cls
                0x00004014       0x28 ./Generated_Code/Term1.o
                0x00004014                Term1_Cls
 .text.Term1_MoveTo
                0x0000403c       0x44 ./Generated_Code/Term1.o
                0x0000403c                Term1_MoveTo
 .text.Term1_SetColor
                0x00004080       0x64 ./Generated_Code/Term1.o
                0x00004080                Term1_SetColor
 .text.Term1_EraseLine
                0x000040e4       0x18 ./Generated_Code/Term1.o
                0x000040e4                Term1_EraseLine
 .text.sqrt     0x000040fc       0xbc c:/freescale/kds_v3/toolchain/bin/../lib/gcc/arm-none-eabi/4.8.4/../../../../arm-none-eabi/lib/armv7e-m/fpu\libm.a(lib_a-w_sqrt.o)
                0x000040fc                sqrt
 .text.__ieee754_sqrt
                0x000041b8      0x198 c:/freescale/kds_v3/toolchain/bin/../lib/gcc/arm-none-eabi/4.8.4/../../../../arm-none-eabi/lib/armv7e-m/fpu\libm.a(lib_a-e_sqrt.o)
                0x000041b8                __ieee754_sqrt
 .text.__fpclassifyd
                0x00004350       0x54 c:/freescale/kds_v3/toolchain/bin/../lib/gcc/arm-none-eabi/4.8.4/../../../../arm-none-eabi/lib/armv7e-m/fpu\libm.a(lib_a-s_fpclassify.o)
                0x00004350                __fpclassifyd
 .text.matherr  0x000043a4        0x4 c:/freescale/kds_v3/toolchain/bin/../lib/gcc/arm-none-eabi/4.8.4/../../../../arm-none-eabi/lib/armv7e-m/fpu\libm.a(lib_a-s_matherr.o)
                0x000043a4                matherr
 .text.__errno  0x000043a8        0xc c:/freescale/kds_v3/toolchain/bin/../lib/gcc/arm-none-eabi/4.8.4/../../../../arm-none-eabi/lib/armv7e-m/fpu\libg_s.a(lib_a-errno.o)
                0x000043a8                __errno
 .text.exit     0x000043b4       0x28 c:/freescale/kds_v3/toolchain/bin/../lib/gcc/arm-none-eabi/4.8.4/../../../../arm-none-eabi/lib/armv7e-m/fpu\libg_s.a(lib_a-exit.o)
                0x000043b4                exit
 .text.__libc_init_array
                0x000043dc       0x4c c:/freescale/kds_v3/toolchain/bin/../lib/gcc/arm-none-eabi/4.8.4/../../../../arm-none-eabi/lib/armv7e-m/fpu\libg_s.a(lib_a-init.o)
                0x000043dc                __libc_init_array
 .text.memset   0x00004428       0x10 c:/freescale/kds_v3/toolchain/bin/../lib/gcc/arm-none-eabi/4.8.4/../../../../arm-none-eabi/lib/armv7e-m/fpu\libg_s.a(lib_a-memset.o)
                0x00004428                memset
 .text._exit    0x00004438        0x4 c:/freescale/kds_v3/toolchain/bin/../lib/gcc/arm-none-eabi/4.8.4/../../../../arm-none-eabi/lib/armv7e-m/fpu\libnosys.a(_exit.o)
                0x00004438                _exit
 *(.rodata)
 .rodata        0x0000443c       0x94 ./Sources/Drawshapes.o
 .rodata        0x000044d0      0x3b4 ./Sources/GUI.o
 .rodata        0x00004884       0x10 ./Sources/Motors.o
 .rodata        0x00004894       0x14 ./Sources/main.o
 *(.rodata*)
 .rodata.ClockGenModeMatrix
                0x000048a8       0x80 ./Static_Code/System/CPU_Init.o
 .rodata.CPU_ClockConfigDescriptors
                0x00004928       0x1c ./Static_Code/System/CPU_Init.o
 .rodata.CPU_DefaultFEI
                0x00004944        0x8 ./Static_Code/System/CPU_Init.o
 .rodata.CPU_DefaultFBI
                0x0000494c        0x8 ./Static_Code/System/CPU_Init.o
 .rodata.CPU_DefaultBLPI
                0x00004954        0x8 ./Static_Code/System/CPU_Init.o
 .rodata.CPU_DefaultFEE
                0x0000495c        0x8 ./Static_Code/System/CPU_Init.o
 .rodata.CPU_DefaultFBE
                0x00004964        0x8 ./Static_Code/System/CPU_Init.o
 .rodata.CPU_DefaultBLPE
                0x0000496c        0x8 ./Static_Code/System/CPU_Init.o
 .rodata.CPU_DefaultPBE
                0x00004974        0x8 ./Static_Code/System/CPU_Init.o
 .rodata.CPU_DefaultPEE
                0x0000497c        0x8 ./Static_Code/System/CPU_Init.o
 .rodata.CPU_ClockGenModeRegs
                0x00004984       0x20 ./Static_Code/System/CPU_Init.o
 .rodata.str1.4
                0x000049a4        0x8 c:/freescale/kds_v3/toolchain/bin/../lib/gcc/arm-none-eabi/4.8.4/../../../../arm-none-eabi/lib/armv7e-m/fpu\libm.a(lib_a-w_sqrt.o)
 .rodata.str1.1
                0x000049ac        0x2 c:/freescale/kds_v3/toolchain/bin/../lib/gcc/arm-none-eabi/4.8.4/../../../../arm-none-eabi/lib/armv7e-m/fpu\libg_s.a(lib_a-impure.o)
 *fill*         0x000049ae        0x2 
 .rodata._global_impure_ptr
                0x000049b0        0x4 c:/freescale/kds_v3/toolchain/bin/../lib/gcc/arm-none-eabi/4.8.4/../../../../arm-none-eabi/lib/armv7e-m/fpu\libg_s.a(lib_a-impure.o)
                0x000049b0                _global_impure_ptr
 *(.glue_7)
 .glue_7        0x00000000        0x0 linker stubs
 *(.glue_7t)
 .glue_7t       0x00000000        0x0 linker stubs
 *(.eh_frame)
 .eh_frame      0x000049b4        0x0 c:/freescale/kds_v3/toolchain/bin/../lib/gcc/arm-none-eabi/4.8.4/armv7e-m/fpu/crtbegin.o
 *(.init)
 .init          0x000049b4        0x4 c:/freescale/kds_v3/toolchain/bin/../lib/gcc/arm-none-eabi/4.8.4/armv7e-m/fpu/crti.o
                0x000049b4                _init
 .init          0x000049b8        0x8 c:/freescale/kds_v3/toolchain/bin/../lib/gcc/arm-none-eabi/4.8.4/armv7e-m/fpu/crtn.o
 *(.fini)
 .fini          0x000049c0        0x4 c:/freescale/kds_v3/toolchain/bin/../lib/gcc/arm-none-eabi/4.8.4/armv7e-m/fpu/crti.o
                0x000049c0                _fini
 .fini          0x000049c4        0x8 c:/freescale/kds_v3/toolchain/bin/../lib/gcc/arm-none-eabi/4.8.4/armv7e-m/fpu/crtn.o
                0x000049cc                . = ALIGN (0x4)
                0x000049cc                _etext = .

.vfp11_veneer   0x000049cc        0x0
 .vfp11_veneer  0x00000000        0x0 linker stubs

.v4_bx          0x000049cc        0x0
 .v4_bx         0x00000000        0x0 linker stubs

.iplt           0x000049cc        0x0
 .iplt          0x00000000        0x0 c:/freescale/kds_v3/toolchain/bin/../lib/gcc/arm-none-eabi/4.8.4/armv7e-m/fpu/crtbegin.o

.ARM.extab
 *(.ARM.extab* .gnu.linkonce.armextab.*)

.ARM            0x000049cc        0x8
                0x000049cc                __exidx_start = .
 *(.ARM.exidx*)
 .ARM.exidx     0x000049cc        0x8 c:/freescale/kds_v3/toolchain/bin/../lib/gcc/arm-none-eabi/4.8.4/../../../../arm-none-eabi/lib/armv7e-m/fpu/crt0.o
                0x000049d4                __exidx_end = .

.rel.dyn        0x000049d4        0x0
 .rel.iplt      0x00000000        0x0 c:/freescale/kds_v3/toolchain/bin/../lib/gcc/arm-none-eabi/4.8.4/armv7e-m/fpu/crtbegin.o

.ctors          0x000049d4        0x0
                0x000049d4                __CTOR_LIST__ = .
 *crtbegin.o(.ctors)
 *(EXCLUDE_FILE(*crtend.o) .ctors)
 *(SORT(.ctors.*))
 *(.ctors)
                0x000049d4                __CTOR_END__ = .

.dtors          0x000049d4        0x0
                0x000049d4                __DTOR_LIST__ = .
 *crtbegin.o(.dtors)
 *(EXCLUDE_FILE(*crtend.o) .dtors)
 *(SORT(.dtors.*))
 *(.dtors)
                0x000049d4                __DTOR_END__ = .

.preinit_array  0x000049d4        0x0
                0x000049d4                PROVIDE (__preinit_array_start, .)
 *(.preinit_array*)
                0x000049d4                PROVIDE (__preinit_array_end, .)

.init_array     0x000049d4        0x4
                0x000049d4                PROVIDE (__init_array_start, .)
 *(SORT(.init_array.*))
 *(.init_array*)
 .init_array    0x000049d4        0x4 c:/freescale/kds_v3/toolchain/bin/../lib/gcc/arm-none-eabi/4.8.4/armv7e-m/fpu/crtbegin.o
                0x000049d8                PROVIDE (__init_array_end, .)

.fini_array     0x000049d8        0x4
                0x000049d8                PROVIDE (__fini_array_start, .)
 *(SORT(.fini_array.*))
 *(.fini_array*)
 .fini_array    0x000049d8        0x4 c:/freescale/kds_v3/toolchain/bin/../lib/gcc/arm-none-eabi/4.8.4/armv7e-m/fpu/crtbegin.o
                0x000049dc                PROVIDE (__fini_array_end, .)
                0x000049dc                ___ROM_AT = .

.data           0x1fff0000       0x68 load address 0x000049dc
                0x1fff0000                . = ALIGN (0x4)
                0x1fff0000                _sdata = .
 *(.data)
 *(.data*)
 .data.__fdlib_version
                0x1fff0000        0x1 c:/freescale/kds_v3/toolchain/bin/../lib/gcc/arm-none-eabi/4.8.4/../../../../arm-none-eabi/lib/armv7e-m/fpu\libm.a(lib_a-s_lib_ver.o)
                0x1fff0000                __fdlib_version
 *fill*         0x1fff0001        0x3 
 .data.impure_data
                0x1fff0004       0x60 c:/freescale/kds_v3/toolchain/bin/../lib/gcc/arm-none-eabi/4.8.4/../../../../arm-none-eabi/lib/armv7e-m/fpu\libg_s.a(lib_a-impure.o)
 .data._impure_ptr
                0x1fff0064        0x4 c:/freescale/kds_v3/toolchain/bin/../lib/gcc/arm-none-eabi/4.8.4/../../../../arm-none-eabi/lib/armv7e-m/fpu\libg_s.a(lib_a-impure.o)
                0x1fff0064                _impure_ptr
                0x1fff0068                . = ALIGN (0x4)
                0x1fff0068                _edata = .
                0x00000068                ___data_size = (_edata - _sdata)
                0x00004a44                ___m_data_20000000_ROMStart = (___ROM_AT + SIZEOF (.data))

.jcr            0x1fff0068        0x0 load address 0x00004a44
 .jcr           0x1fff0068        0x0 c:/freescale/kds_v3/toolchain/bin/../lib/gcc/arm-none-eabi/4.8.4/armv7e-m/fpu/crtbegin.o

.igot.plt       0x1fff0068        0x0 load address 0x00004a44
 .igot.plt      0x00000000        0x0 c:/freescale/kds_v3/toolchain/bin/../lib/gcc/arm-none-eabi/4.8.4/armv7e-m/fpu/crtbegin.o

.m_data_20000000
                0x20000000        0x0 load address 0x00004a44
                0x20000000                . = ALIGN (0x4)
                0x20000000                ___m_data_20000000_RAMStart = .
 *(.m_data_20000000)
                0x20000000                ___m_data_20000000_RAMEnd = .
                0x20000000                . = ALIGN (0x4)
                0x00000000                ___m_data_20000000_ROMSize = (___m_data_20000000_RAMEnd - ___m_data_20000000_RAMStart)
                0x20000000                . = ALIGN (0x4)

.bss            0x1fff0068      0x30c load address 0x00004a44
                0x1fff0068                __START_BSS = .
                0x1fff0068                PROVIDE (__bss_start__, __START_BSS)
 *(.bss)
 .bss           0x1fff0068       0x1c c:/freescale/kds_v3/toolchain/bin/../lib/gcc/arm-none-eabi/4.8.4/armv7e-m/fpu/crtbegin.o
 *(.bss*)
 .bss.SR_lock   0x1fff0084        0x1 ./Static_Code/System/CPU_Init.o
                0x1fff0084                SR_lock
 .bss.complete_command
                0x1fff0085        0x1 ./Sources/main.o
                0x1fff0085                complete_command
 *fill*         0x1fff0086        0x2 
 .bss.DeviceDataPrv__DEFAULT_RTOS_ALLOC
                0x1fff0088       0x20 ./Generated_Code/ASerialLdd1.o
 .bss.INT_UART1_RX_TX__DEFAULT_RTOS_ISRPARAM
                0x1fff00a8        0x4 ./Generated_Code/ASerialLdd1.o
 .bss.INT_UART1_ERR__DEFAULT_RTOS_ISRPARAM
                0x1fff00ac        0x4 ./Generated_Code/ASerialLdd1.o
 .bss.DeviceDataPrv__DEFAULT_RTOS_ALLOC
                0x1fff00b0        0x4 ./Generated_Code/BitIoLdd1.o
 .bss.DeviceDataPrv__DEFAULT_RTOS_ALLOC
                0x1fff00b4        0x4 ./Generated_Code/BitIoLdd10.o
 .bss.DeviceDataPrv__DEFAULT_RTOS_ALLOC
                0x1fff00b8        0x4 ./Generated_Code/BitIoLdd11.o
 .bss.DeviceDataPrv__DEFAULT_RTOS_ALLOC
                0x1fff00bc        0x4 ./Generated_Code/BitIoLdd12.o
 .bss.DeviceDataPrv__DEFAULT_RTOS_ALLOC
                0x1fff00c0        0x4 ./Generated_Code/BitIoLdd2.o
 .bss.DeviceDataPrv__DEFAULT_RTOS_ALLOC
                0x1fff00c4        0x4 ./Generated_Code/BitIoLdd3.o
 .bss.DeviceDataPrv__DEFAULT_RTOS_ALLOC
                0x1fff00c8        0x4 ./Generated_Code/BitIoLdd4.o
 .bss.DeviceDataPrv__DEFAULT_RTOS_ALLOC
                0x1fff00cc        0x4 ./Generated_Code/BitIoLdd5.o
 .bss.DeviceDataPrv__DEFAULT_RTOS_ALLOC
                0x1fff00d0        0x4 ./Generated_Code/BitIoLdd6.o
 .bss.DeviceDataPrv__DEFAULT_RTOS_ALLOC
                0x1fff00d4        0x4 ./Generated_Code/BitIoLdd7.o
 .bss.DeviceDataPrv__DEFAULT_RTOS_ALLOC
                0x1fff00d8        0x4 ./Generated_Code/BitIoLdd8.o
 .bss.DeviceDataPrv__DEFAULT_RTOS_ALLOC
                0x1fff00dc        0x4 ./Generated_Code/BitIoLdd9.o
 .bss.SerFlag   0x1fff00e0        0x2 ./Generated_Code/Inhr1.o
 .bss.Inhr1_InpLen
                0x1fff00e2        0x2 ./Generated_Code/Inhr1.o
 .bss.InpIndexR
                0x1fff00e4        0x2 ./Generated_Code/Inhr1.o
 .bss.InpIndexW
                0x1fff00e6        0x2 ./Generated_Code/Inhr1.o
 .bss.InpBuffer
                0x1fff00e8      0x100 ./Generated_Code/Inhr1.o
 .bss.BufferRead
                0x1fff01e8        0x1 ./Generated_Code/Inhr1.o
 *fill*         0x1fff01e9        0x1 
 .bss.Inhr1_OutLen
                0x1fff01ea        0x2 ./Generated_Code/Inhr1.o
 .bss.OutIndexR
                0x1fff01ec        0x2 ./Generated_Code/Inhr1.o
 .bss.OutIndexW
                0x1fff01ee        0x2 ./Generated_Code/Inhr1.o
 .bss.OutBuffer
                0x1fff01f0      0x100 ./Generated_Code/Inhr1.o
 .bss.PE_LDD_DeviceDataList
                0x1fff02f0       0x44 ./Generated_Code/PE_LDD.o
                0x1fff02f0                PE_LDD_DeviceDataList
 .bss.DeviceDataPrv__DEFAULT_RTOS_ALLOC
                0x1fff0334        0xc ./Generated_Code/PwmLdd1.o
 .bss.DeviceDataPrv__DEFAULT_RTOS_ALLOC
                0x1fff0340       0x14 ./Generated_Code/RealTimeLdd1.o
 .bss.DeviceDataPrv__DEFAULT_RTOS_ALLOC
                0x1fff0354        0x8 ./Generated_Code/TU1.o
 .bss.DeviceDataPrv__DEFAULT_RTOS_ALLOC
                0x1fff035c        0xc ./Generated_Code/TU2.o
 .bss.INT_FTM0__DEFAULT_RTOS_ISRPARAM
                0x1fff0368        0x4 ./Generated_Code/TU2.o
 *(COMMON)
 COMMON         0x1fff036c        0x1 ./Static_Code/System/CPU_Init.o
                0x1fff036c                SR_reg
 COMMON         0x1fff036d        0x1 ./Sources/main.o
                0x1fff036d                c
 *fill*         0x1fff036e        0x2 
 COMMON         0x1fff0370        0x4 ./Generated_Code/Inhr1.o
                0x1fff0370                ASerialLdd1_DeviceDataPtr
                0x1fff0374                . = ALIGN (0x4)
                0x1fff0374                __END_BSS = .
                0x1fff0374                PROVIDE (__bss_end__, __END_BSS)
                0x00004a44                _romp_at = ((___ROM_AT + SIZEOF (.data)) + SIZEOF (.m_data_20000000))

.romp           0x1fff0374       0x24 load address 0x00004a44
                0x00004a44                __S_romp = _romp_at
                0x1fff0374        0x4 LONG 0x49dc ___ROM_AT
                0x1fff0378        0x4 LONG 0x1fff0000 _sdata
                0x1fff037c        0x4 LONG 0x68 ___data_size
                0x1fff0380        0x4 LONG 0x4a44 ___m_data_20000000_ROMStart
                0x1fff0384        0x4 LONG 0x20000000 ___m_data_20000000_RAMStart
                0x1fff0388        0x4 LONG 0x0 ___m_data_20000000_ROMSize
                0x1fff038c        0x4 LONG 0x0
                0x1fff0390        0x4 LONG 0x0
                0x1fff0394        0x4 LONG 0x0
                0x00080000                text_end = (ORIGIN (m_text) + 0x7fbf0)
                0x00004a68                data_init_end = ((___m_data_20000000_ROMStart + SIZEOF (.m_data_20000000)) + SIZEOF (.romp))
                0x00000001                ASSERT ((data_init_end <= text_end), region m_text overflowed with text and data)

._user_heap_stack
                0x1fff0398      0x400 load address 0x00004a68
                0x1fff0398                . = ALIGN (0x4)
                0x1fff0398                PROVIDE (end, .)
                0x1fff0398                PROVIDE (_end, .)
                0x1fff0398                PROVIDE (__end__, .)
                0x1fff0398                __heap_addr = .
                0x1fff0398                __HeapBase = .
                0x1fff0398                . = (. + __heap_size)
                0x1fff0398                __HeapLimit = .
                0x1fff0798                . = (. + __stack_size)
 *fill*         0x1fff0398      0x400 
                0x1fff0798                . = ALIGN (0x4)

.ARM.attributes
                0x00000000       0x30
 *(.ARM.attributes)
 .ARM.attributes
                0x00000000       0x22 c:/freescale/kds_v3/toolchain/bin/../lib/gcc/arm-none-eabi/4.8.4/armv7e-m/fpu/crti.o
 .ARM.attributes
                0x00000022       0x34 c:/freescale/kds_v3/toolchain/bin/../lib/gcc/arm-none-eabi/4.8.4/armv7e-m/fpu/crtbegin.o
 .ARM.attributes
                0x00000056       0x20 c:/freescale/kds_v3/toolchain/bin/../lib/gcc/arm-none-eabi/4.8.4/../../../../arm-none-eabi/lib/armv7e-m/fpu/crt0.o
 .ARM.attributes
                0x00000076       0x39 ./Static_Code/System/CPU_Init.o
 .ARM.attributes
                0x000000af       0x39 ./Static_Code/System/Vectors.o
 .ARM.attributes
                0x000000e8       0x39 ./Sources/Drawshapes.o
 .ARM.attributes
                0x00000121       0x39 ./Sources/Events.o
 .ARM.attributes
                0x0000015a       0x39 ./Sources/GUI.o
 .ARM.attributes
                0x00000193       0x39 ./Sources/Motors.o
 .ARM.attributes
                0x000001cc       0x39 ./Sources/main.o
 .ARM.attributes
                0x00000205       0x39 ./Project_Settings/Startup_Code/startup.o
 .ARM.attributes
                0x0000023e       0x39 ./Generated_Code/ASerialLdd1.o
 .ARM.attributes
                0x00000277       0x39 ./Generated_Code/BitIoLdd1.o
 .ARM.attributes
                0x000002b0       0x39 ./Generated_Code/BitIoLdd10.o
 .ARM.attributes
                0x000002e9       0x39 ./Generated_Code/BitIoLdd11.o
 .ARM.attributes
                0x00000322       0x39 ./Generated_Code/BitIoLdd12.o
 .ARM.attributes
                0x0000035b       0x39 ./Generated_Code/BitIoLdd2.o
 .ARM.attributes
                0x00000394       0x39 ./Generated_Code/BitIoLdd3.o
 .ARM.attributes
                0x000003cd       0x39 ./Generated_Code/BitIoLdd4.o
 .ARM.attributes
                0x00000406       0x39 ./Generated_Code/BitIoLdd5.o
 .ARM.attributes
                0x0000043f       0x39 ./Generated_Code/BitIoLdd6.o
 .ARM.attributes
                0x00000478       0x39 ./Generated_Code/BitIoLdd7.o
 .ARM.attributes
                0x000004b1       0x39 ./Generated_Code/BitIoLdd8.o
 .ARM.attributes
                0x000004ea       0x39 ./Generated_Code/BitIoLdd9.o
 .ARM.attributes
                0x00000523       0x39 ./Generated_Code/Cpu.o
 .ARM.attributes
                0x0000055c       0x39 ./Generated_Code/Inhr1.o
 .ARM.attributes
                0x00000595       0x39 ./Generated_Code/PE_LDD.o
 .ARM.attributes
                0x000005ce       0x39 ./Generated_Code/PwmLdd1.o
 .ARM.attributes
                0x00000607       0x39 ./Generated_Code/RealTimeLdd1.o
 .ARM.attributes
                0x00000640       0x39 ./Generated_Code/TU1.o
 .ARM.attributes
                0x00000679       0x39 ./Generated_Code/TU2.o
 .ARM.attributes
                0x000006b2       0x39 ./Generated_Code/Term1.o
 .ARM.attributes
                0x000006eb       0x34 c:/freescale/kds_v3/toolchain/bin/../lib/gcc/arm-none-eabi/4.8.4/../../../../arm-none-eabi/lib/armv7e-m/fpu\libm.a(lib_a-w_sqrt.o)
 .ARM.attributes
                0x0000071f       0x34 c:/freescale/kds_v3/toolchain/bin/../lib/gcc/arm-none-eabi/4.8.4/../../../../arm-none-eabi/lib/armv7e-m/fpu\libm.a(lib_a-e_sqrt.o)
 .ARM.attributes
                0x00000753       0x34 c:/freescale/kds_v3/toolchain/bin/../lib/gcc/arm-none-eabi/4.8.4/../../../../arm-none-eabi/lib/armv7e-m/fpu\libm.a(lib_a-s_fpclassify.o)
 .ARM.attributes
                0x00000787       0x34 c:/freescale/kds_v3/toolchain/bin/../lib/gcc/arm-none-eabi/4.8.4/../../../../arm-none-eabi/lib/armv7e-m/fpu\libm.a(lib_a-s_lib_ver.o)
 .ARM.attributes
                0x000007bb       0x34 c:/freescale/kds_v3/toolchain/bin/../lib/gcc/arm-none-eabi/4.8.4/../../../../arm-none-eabi/lib/armv7e-m/fpu\libm.a(lib_a-s_matherr.o)
 .ARM.attributes
                0x000007ef       0x22 c:/freescale/kds_v3/toolchain/bin/../lib/gcc/arm-none-eabi/4.8.4/armv7e-m/fpu\libgcc.a(_arm_addsubdf3.o)
 .ARM.attributes
                0x00000811       0x22 c:/freescale/kds_v3/toolchain/bin/../lib/gcc/arm-none-eabi/4.8.4/armv7e-m/fpu\libgcc.a(_arm_muldivdf3.o)
 .ARM.attributes
                0x00000833       0x22 c:/freescale/kds_v3/toolchain/bin/../lib/gcc/arm-none-eabi/4.8.4/armv7e-m/fpu\libgcc.a(_arm_cmpdf2.o)
 .ARM.attributes
                0x00000855       0x22 c:/freescale/kds_v3/toolchain/bin/../lib/gcc/arm-none-eabi/4.8.4/armv7e-m/fpu\libgcc.a(_arm_fixdfsi.o)
 .ARM.attributes
                0x00000877       0x34 c:/freescale/kds_v3/toolchain/bin/../lib/gcc/arm-none-eabi/4.8.4/../../../../arm-none-eabi/lib/armv7e-m/fpu\libg_s.a(lib_a-errno.o)
 .ARM.attributes
                0x000008ab       0x34 c:/freescale/kds_v3/toolchain/bin/../lib/gcc/arm-none-eabi/4.8.4/../../../../arm-none-eabi/lib/armv7e-m/fpu\libg_s.a(lib_a-exit.o)
 .ARM.attributes
                0x000008df       0x34 c:/freescale/kds_v3/toolchain/bin/../lib/gcc/arm-none-eabi/4.8.4/../../../../arm-none-eabi/lib/armv7e-m/fpu\libg_s.a(lib_a-impure.o)
 .ARM.attributes
                0x00000913       0x34 c:/freescale/kds_v3/toolchain/bin/../lib/gcc/arm-none-eabi/4.8.4/../../../../arm-none-eabi/lib/armv7e-m/fpu\libg_s.a(lib_a-init.o)
 .ARM.attributes
                0x00000947       0x34 c:/freescale/kds_v3/toolchain/bin/../lib/gcc/arm-none-eabi/4.8.4/../../../../arm-none-eabi/lib/armv7e-m/fpu\libg_s.a(lib_a-memset.o)
 .ARM.attributes
                0x0000097b       0x34 c:/freescale/kds_v3/toolchain/bin/../lib/gcc/arm-none-eabi/4.8.4/../../../../arm-none-eabi/lib/armv7e-m/fpu\libnosys.a(_exit.o)
 .ARM.attributes
                0x000009af       0x22 c:/freescale/kds_v3/toolchain/bin/../lib/gcc/arm-none-eabi/4.8.4/armv7e-m/fpu/crtn.o
OUTPUT(Assessment_2_YangYang_Li.elf elf32-littlearm)

.debug_info     0x00000000     0x8619
 .debug_info    0x00000000      0xab8 ./Static_Code/System/CPU_Init.o
 .debug_info    0x00000ab8      0x826 ./Static_Code/System/Vectors.o
 .debug_info    0x000012de      0x2ec ./Sources/Drawshapes.o
 .debug_info    0x000015ca       0xcc ./Sources/Events.o
 .debug_info    0x00001696      0x1f6 ./Sources/GUI.o
 .debug_info    0x0000188c      0x282 ./Sources/Motors.o
 .debug_info    0x00001b0e      0x123 ./Sources/main.o
 .debug_info    0x00001c31      0x3b0 ./Project_Settings/Startup_Code/startup.o
 .debug_info    0x00001fe1      0xa74 ./Generated_Code/ASerialLdd1.o
 .debug_info    0x00002a55      0x529 ./Generated_Code/BitIoLdd1.o
 .debug_info    0x00002f7e      0x539 ./Generated_Code/BitIoLdd10.o
 .debug_info    0x000034b7      0x539 ./Generated_Code/BitIoLdd11.o
 .debug_info    0x000039f0      0x539 ./Generated_Code/BitIoLdd12.o
 .debug_info    0x00003f29      0x503 ./Generated_Code/BitIoLdd2.o
 .debug_info    0x0000442c      0x529 ./Generated_Code/BitIoLdd3.o
 .debug_info    0x00004955      0x503 ./Generated_Code/BitIoLdd4.o
 .debug_info    0x00004e58      0x529 ./Generated_Code/BitIoLdd5.o
 .debug_info    0x00005381      0x503 ./Generated_Code/BitIoLdd6.o
 .debug_info    0x00005884      0x539 ./Generated_Code/BitIoLdd7.o
 .debug_info    0x00005dbd      0x539 ./Generated_Code/BitIoLdd8.o
 .debug_info    0x000062f6      0x539 ./Generated_Code/BitIoLdd9.o
 .debug_info    0x0000682f       0xa7 ./Generated_Code/Cpu.o
 .debug_info    0x000068d6      0x367 ./Generated_Code/Inhr1.o
 .debug_info    0x00006c3d      0x251 ./Generated_Code/PE_LDD.o
 .debug_info    0x00006e8e      0x333 ./Generated_Code/PwmLdd1.o
 .debug_info    0x000071c1      0x36e ./Generated_Code/RealTimeLdd1.o
 .debug_info    0x0000752f      0x762 ./Generated_Code/TU1.o
 .debug_info    0x00007c91      0x682 ./Generated_Code/TU2.o
 .debug_info    0x00008313      0x306 ./Generated_Code/Term1.o

.debug_abbrev   0x00000000     0x25c1
 .debug_abbrev  0x00000000      0x1bf ./Static_Code/System/CPU_Init.o
 .debug_abbrev  0x000001bf       0xd8 ./Static_Code/System/Vectors.o
 .debug_abbrev  0x00000297      0x110 ./Sources/Drawshapes.o
 .debug_abbrev  0x000003a7       0x86 ./Sources/Events.o
 .debug_abbrev  0x0000042d       0x9c ./Sources/GUI.o
 .debug_abbrev  0x000004c9      0x14f ./Sources/Motors.o
 .debug_abbrev  0x00000618       0xb4 ./Sources/main.o
 .debug_abbrev  0x000006cc      0x189 ./Project_Settings/Startup_Code/startup.o
 .debug_abbrev  0x00000855      0x1e8 ./Generated_Code/ASerialLdd1.o
 .debug_abbrev  0x00000a3d      0x186 ./Generated_Code/BitIoLdd1.o
 .debug_abbrev  0x00000bc3      0x186 ./Generated_Code/BitIoLdd10.o
 .debug_abbrev  0x00000d49      0x186 ./Generated_Code/BitIoLdd11.o
 .debug_abbrev  0x00000ecf      0x186 ./Generated_Code/BitIoLdd12.o
 .debug_abbrev  0x00001055      0x15d ./Generated_Code/BitIoLdd2.o
 .debug_abbrev  0x000011b2      0x186 ./Generated_Code/BitIoLdd3.o
 .debug_abbrev  0x00001338      0x15d ./Generated_Code/BitIoLdd4.o
 .debug_abbrev  0x00001495      0x186 ./Generated_Code/BitIoLdd5.o
 .debug_abbrev  0x0000161b      0x15d ./Generated_Code/BitIoLdd6.o
 .debug_abbrev  0x00001778      0x186 ./Generated_Code/BitIoLdd7.o
 .debug_abbrev  0x000018fe      0x186 ./Generated_Code/BitIoLdd8.o
 .debug_abbrev  0x00001a84      0x186 ./Generated_Code/BitIoLdd9.o
 .debug_abbrev  0x00001c0a       0x45 ./Generated_Code/Cpu.o
 .debug_abbrev  0x00001c4f      0x18f ./Generated_Code/Inhr1.o
 .debug_abbrev  0x00001dde      0x10d ./Generated_Code/PE_LDD.o
 .debug_abbrev  0x00001eeb      0x122 ./Generated_Code/PwmLdd1.o
 .debug_abbrev  0x0000200d      0x150 ./Generated_Code/RealTimeLdd1.o
 .debug_abbrev  0x0000215d      0x198 ./Generated_Code/TU1.o
 .debug_abbrev  0x000022f5      0x16a ./Generated_Code/TU2.o
 .debug_abbrev  0x0000245f      0x162 ./Generated_Code/Term1.o

.debug_aranges  0x00000000      0xb00
 .debug_aranges
                0x00000000       0x40 ./Static_Code/System/CPU_Init.o
 .debug_aranges
                0x00000040      0x340 ./Static_Code/System/Vectors.o
 .debug_aranges
                0x00000380       0x38 ./Sources/Drawshapes.o
 .debug_aranges
                0x000003b8       0x28 ./Sources/Events.o
 .debug_aranges
                0x000003e0       0x80 ./Sources/GUI.o
 .debug_aranges
                0x00000460       0x68 ./Sources/Motors.o
 .debug_aranges
                0x000004c8       0x20 ./Sources/main.o
 .debug_aranges
                0x000004e8       0x50 ./Project_Settings/Startup_Code/startup.o
 .debug_aranges
                0x00000538       0x50 ./Generated_Code/ASerialLdd1.o
 .debug_aranges
                0x00000588       0x48 ./Generated_Code/BitIoLdd1.o
 .debug_aranges
                0x000005d0       0x48 ./Generated_Code/BitIoLdd10.o
 .debug_aranges
                0x00000618       0x48 ./Generated_Code/BitIoLdd11.o
 .debug_aranges
                0x00000660       0x48 ./Generated_Code/BitIoLdd12.o
 .debug_aranges
                0x000006a8       0x40 ./Generated_Code/BitIoLdd2.o
 .debug_aranges
                0x000006e8       0x48 ./Generated_Code/BitIoLdd3.o
 .debug_aranges
                0x00000730       0x40 ./Generated_Code/BitIoLdd4.o
 .debug_aranges
                0x00000770       0x48 ./Generated_Code/BitIoLdd5.o
 .debug_aranges
                0x000007b8       0x40 ./Generated_Code/BitIoLdd6.o
 .debug_aranges
                0x000007f8       0x48 ./Generated_Code/BitIoLdd7.o
 .debug_aranges
                0x00000840       0x48 ./Generated_Code/BitIoLdd8.o
 .debug_aranges
                0x00000888       0x48 ./Generated_Code/BitIoLdd9.o
 .debug_aranges
                0x000008d0       0x28 ./Generated_Code/Cpu.o
 .debug_aranges
                0x000008f8       0x60 ./Generated_Code/Inhr1.o
 .debug_aranges
                0x00000958       0x30 ./Generated_Code/PE_LDD.o
 .debug_aranges
                0x00000988       0x48 ./Generated_Code/PwmLdd1.o
 .debug_aranges
                0x000009d0       0x40 ./Generated_Code/RealTimeLdd1.o
 .debug_aranges
                0x00000a10       0x48 ./Generated_Code/TU1.o
 .debug_aranges
                0x00000a58       0x30 ./Generated_Code/TU2.o
 .debug_aranges
                0x00000a88       0x78 ./Generated_Code/Term1.o

.debug_ranges   0x00000000      0x930
 .debug_ranges  0x00000000       0x30 ./Static_Code/System/CPU_Init.o
 .debug_ranges  0x00000030      0x330 ./Static_Code/System/Vectors.o
 .debug_ranges  0x00000360       0x28 ./Sources/Drawshapes.o
 .debug_ranges  0x00000388       0x18 ./Sources/Events.o
 .debug_ranges  0x000003a0       0x70 ./Sources/GUI.o
 .debug_ranges  0x00000410       0x58 ./Sources/Motors.o
 .debug_ranges  0x00000468       0x10 ./Sources/main.o
 .debug_ranges  0x00000478       0x40 ./Project_Settings/Startup_Code/startup.o
 .debug_ranges  0x000004b8       0x40 ./Generated_Code/ASerialLdd1.o
 .debug_ranges  0x000004f8       0x38 ./Generated_Code/BitIoLdd1.o
 .debug_ranges  0x00000530       0x38 ./Generated_Code/BitIoLdd10.o
 .debug_ranges  0x00000568       0x38 ./Generated_Code/BitIoLdd11.o
 .debug_ranges  0x000005a0       0x38 ./Generated_Code/BitIoLdd12.o
 .debug_ranges  0x000005d8       0x30 ./Generated_Code/BitIoLdd2.o
 .debug_ranges  0x00000608       0x38 ./Generated_Code/BitIoLdd3.o
 .debug_ranges  0x00000640       0x30 ./Generated_Code/BitIoLdd4.o
 .debug_ranges  0x00000670       0x38 ./Generated_Code/BitIoLdd5.o
 .debug_ranges  0x000006a8       0x30 ./Generated_Code/BitIoLdd6.o
 .debug_ranges  0x000006d8       0x38 ./Generated_Code/BitIoLdd7.o
 .debug_ranges  0x00000710       0x38 ./Generated_Code/BitIoLdd8.o
 .debug_ranges  0x00000748       0x38 ./Generated_Code/BitIoLdd9.o
 .debug_ranges  0x00000780       0x18 ./Generated_Code/Cpu.o
 .debug_ranges  0x00000798       0x50 ./Generated_Code/Inhr1.o
 .debug_ranges  0x000007e8       0x20 ./Generated_Code/PE_LDD.o
 .debug_ranges  0x00000808       0x38 ./Generated_Code/PwmLdd1.o
 .debug_ranges  0x00000840       0x30 ./Generated_Code/RealTimeLdd1.o
 .debug_ranges  0x00000870       0x38 ./Generated_Code/TU1.o
 .debug_ranges  0x000008a8       0x20 ./Generated_Code/TU2.o
 .debug_ranges  0x000008c8       0x68 ./Generated_Code/Term1.o

.debug_macro    0x00000000    0x27671
 .debug_macro   0x00000000      0x374 ./Static_Code/System/CPU_Init.o
 .debug_macro   0x00000374      0x850 ./Static_Code/System/CPU_Init.o
 .debug_macro   0x00000bc4       0x16 ./Static_Code/System/CPU_Init.o
 .debug_macro   0x00000bda       0x44 ./Static_Code/System/CPU_Init.o
 .debug_macro   0x00000c1e      0x209 ./Static_Code/System/CPU_Init.o
 .debug_macro   0x00000e27     0x17e5 ./Static_Code/System/CPU_Init.o
 .debug_macro   0x0000260c     0xbca7 ./Static_Code/System/CPU_Init.o
 .debug_macro   0x0000e2b3      0x4c6 ./Static_Code/System/CPU_Init.o
 .debug_macro   0x0000e779      0x14e ./Static_Code/System/CPU_Init.o
 .debug_macro   0x0000e8c7       0x6a ./Static_Code/System/CPU_Init.o
 .debug_macro   0x0000e931       0x58 ./Static_Code/System/CPU_Init.o
 .debug_macro   0x0000e989       0x35 ./Static_Code/System/CPU_Init.o
 .debug_macro   0x0000e9be       0xa3 ./Static_Code/System/CPU_Init.o
 .debug_macro   0x0000ea61       0x16 ./Static_Code/System/CPU_Init.o
 .debug_macro   0x0000ea77       0x94 ./Static_Code/System/CPU_Init.o
 .debug_macro   0x0000eb0b      0x12c ./Static_Code/System/CPU_Init.o
 .debug_macro   0x0000ec37       0x46 ./Static_Code/System/CPU_Init.o
 .debug_macro   0x0000ec7d       0x26 ./Static_Code/System/CPU_Init.o
 .debug_macro   0x0000eca3       0x46 ./Static_Code/System/CPU_Init.o
 .debug_macro   0x0000ece9       0x1f ./Static_Code/System/CPU_Init.o
 .debug_macro   0x0000ed08       0x4c ./Static_Code/System/CPU_Init.o
 .debug_macro   0x0000ed54       0x26 ./Static_Code/System/CPU_Init.o
 .debug_macro   0x0000ed7a       0x46 ./Static_Code/System/CPU_Init.o
 .debug_macro   0x0000edc0       0x1f ./Static_Code/System/CPU_Init.o
 .debug_macro   0x0000eddf       0x4c ./Static_Code/System/CPU_Init.o
 .debug_macro   0x0000ee2b       0x26 ./Static_Code/System/CPU_Init.o
 .debug_macro   0x0000ee51       0x46 ./Static_Code/System/CPU_Init.o
 .debug_macro   0x0000ee97       0x1f ./Static_Code/System/CPU_Init.o
 .debug_macro   0x0000eeb6       0x4c ./Static_Code/System/CPU_Init.o
 .debug_macro   0x0000ef02       0x26 ./Static_Code/System/CPU_Init.o
 .debug_macro   0x0000ef28       0x4c ./Static_Code/System/CPU_Init.o
 .debug_macro   0x0000ef74       0x26 ./Static_Code/System/CPU_Init.o
 .debug_macro   0x0000ef9a       0x4c ./Static_Code/System/CPU_Init.o
 .debug_macro   0x0000efe6       0x26 ./Static_Code/System/CPU_Init.o
 .debug_macro   0x0000f00c       0x4c ./Static_Code/System/CPU_Init.o
 .debug_macro   0x0000f058       0x26 ./Static_Code/System/CPU_Init.o
 .debug_macro   0x0000f07e       0x4c ./Static_Code/System/CPU_Init.o
 .debug_macro   0x0000f0ca       0x26 ./Static_Code/System/CPU_Init.o
 .debug_macro   0x0000f0f0       0x4c ./Static_Code/System/CPU_Init.o
 .debug_macro   0x0000f13c       0x26 ./Static_Code/System/CPU_Init.o
 .debug_macro   0x0000f162      0x6a6 ./Static_Code/System/CPU_Init.o
 .debug_macro   0x0000f808       0x74 ./Static_Code/System/CPU_Init.o
 .debug_macro   0x0000f87c       0x3e ./Static_Code/System/CPU_Init.o
 .debug_macro   0x0000f8ba       0x2c ./Static_Code/System/CPU_Init.o
 .debug_macro   0x0000f8e6       0x58 ./Static_Code/System/CPU_Init.o
 .debug_macro   0x0000f93e       0x28 ./Static_Code/System/CPU_Init.o
 .debug_macro   0x0000f966       0x18 ./Static_Code/System/CPU_Init.o
 .debug_macro   0x0000f97e       0x3a ./Static_Code/System/CPU_Init.o
 .debug_macro   0x0000f9b8       0x65 ./Static_Code/System/CPU_Init.o
 .debug_macro   0x0000fa1d       0x1f ./Static_Code/System/CPU_Init.o
 .debug_macro   0x0000fa3c      0x2b3 ./Static_Code/System/CPU_Init.o
 .debug_macro   0x0000fcef      0x362 ./Static_Code/System/Vectors.o
 .debug_macro   0x00010051      0x53a ./Sources/Drawshapes.o
 .debug_macro   0x0001058b      0x61c ./Sources/Drawshapes.o
 .debug_macro   0x00010ba7      0x328 ./Sources/Drawshapes.o
 .debug_macro   0x00010ecf      0x109 ./Sources/Drawshapes.o
 .debug_macro   0x00010fd8      0x17f ./Sources/Drawshapes.o
 .debug_macro   0x00011157      0x202 ./Sources/Drawshapes.o
 .debug_macro   0x00011359      0x91e ./Sources/Drawshapes.o
 .debug_macro   0x00011c77       0x9e ./Sources/Drawshapes.o
 .debug_macro   0x00011d15      0x1f9 ./Sources/Drawshapes.o
 .debug_macro   0x00011f0e      0x39c ./Sources/Drawshapes.o
 .debug_macro   0x000122aa      0x29c ./Sources/Drawshapes.o
 .debug_macro   0x00012546      0x264 ./Sources/Drawshapes.o
 .debug_macro   0x000127aa      0x25b ./Sources/Drawshapes.o
 .debug_macro   0x00012a05      0x399 ./Sources/Drawshapes.o
 .debug_macro   0x00012d9e      0x4f1 ./Sources/Drawshapes.o
 .debug_macro   0x0001328f      0x13f ./Sources/Drawshapes.o
 .debug_macro   0x000133ce       0x6c ./Sources/Drawshapes.o
 .debug_macro   0x0001343a      0x30d ./Sources/Drawshapes.o
 .debug_macro   0x00013747       0xbb ./Sources/Drawshapes.o
 .debug_macro   0x00013802       0xe9 ./Sources/Drawshapes.o
 .debug_macro   0x000138eb      0x4ea ./Sources/Drawshapes.o
 .debug_macro   0x00013dd5      0x18f ./Sources/Drawshapes.o
 .debug_macro   0x00013f64       0xea ./Sources/Drawshapes.o
 .debug_macro   0x0001404e      0x344 ./Sources/Drawshapes.o
 .debug_macro   0x00014392      0x824 ./Sources/Drawshapes.o
 .debug_macro   0x00014bb6      0x179 ./Sources/Drawshapes.o
 .debug_macro   0x00014d2f      0x9e2 ./Sources/Drawshapes.o
 .debug_macro   0x00015711      0x129 ./Sources/Drawshapes.o
 .debug_macro   0x0001583a      0x648 ./Sources/Drawshapes.o
 .debug_macro   0x00015e82       0x81 ./Sources/Drawshapes.o
 .debug_macro   0x00015f03      0x7bf ./Sources/Drawshapes.o
 .debug_macro   0x000166c2      0x66f ./Sources/Drawshapes.o
 .debug_macro   0x00016d31       0x7b ./Sources/Drawshapes.o
 .debug_macro   0x00016dac      0x182 ./Sources/Drawshapes.o
 .debug_macro   0x00016f2e       0x22 ./Sources/Drawshapes.o
 .debug_macro   0x00016f50       0x1c ./Sources/Drawshapes.o
 .debug_macro   0x00016f6c       0x97 ./Sources/Drawshapes.o
 .debug_macro   0x00017003       0x10 ./Sources/Drawshapes.o
 .debug_macro   0x00017013       0xef ./Sources/Drawshapes.o
 .debug_macro   0x00017102       0x52 ./Sources/Drawshapes.o
 .debug_macro   0x00017154       0x16 ./Sources/Drawshapes.o
 .debug_macro   0x0001716a       0x43 ./Sources/Drawshapes.o
 .debug_macro   0x000171ad      0x180 ./Sources/Drawshapes.o
 .debug_macro   0x0001732d       0x10 ./Sources/Drawshapes.o
 .debug_macro   0x0001733d       0x22 ./Sources/Drawshapes.o
 .debug_macro   0x0001735f       0xbd ./Sources/Drawshapes.o
 .debug_macro   0x0001741c       0x16 ./Sources/Drawshapes.o
 .debug_macro   0x00017432      0x14a ./Sources/Drawshapes.o
 .debug_macro   0x0001757c      0x2a6 ./Sources/Drawshapes.o
 .debug_macro   0x00017822       0x10 ./Sources/Drawshapes.o
 .debug_macro   0x00017832       0x35 ./Sources/Drawshapes.o
 .debug_macro   0x00017867       0xde ./Sources/Drawshapes.o
 .debug_macro   0x00017945      0x513 ./Sources/Events.o
 .debug_macro   0x00017e58      0x527 ./Sources/GUI.o
 .debug_macro   0x0001837f      0x527 ./Sources/Motors.o
 .debug_macro   0x000188a6      0x531 ./Sources/main.o
 .debug_macro   0x00018dd7      0x121 ./Project_Settings/Startup_Code/startup.o
 .debug_macro   0x00018ef8      0x166 ./Project_Settings/Startup_Code/startup.o
 .debug_macro   0x0001905e       0x4a ./Project_Settings/Startup_Code/startup.o
 .debug_macro   0x000190a8       0x16 ./Project_Settings/Startup_Code/startup.o
 .debug_macro   0x000190be       0x22 ./Project_Settings/Startup_Code/startup.o
 .debug_macro   0x000190e0       0x10 ./Project_Settings/Startup_Code/startup.o
 .debug_macro   0x000190f0      0x20f ./Project_Settings/Startup_Code/startup.o
 .debug_macro   0x000192ff     0xbc9b ./Project_Settings/Startup_Code/startup.o
 .debug_macro   0x00024f9a      0x113 ./Generated_Code/ASerialLdd1.o
 .debug_macro   0x000250ad       0x5f ./Generated_Code/ASerialLdd1.o
 .debug_macro   0x0002510c       0x25 ./Generated_Code/ASerialLdd1.o
 .debug_macro   0x00025131      0x7b9 ./Generated_Code/ASerialLdd1.o
 .debug_macro   0x000258ea       0xfa ./Generated_Code/BitIoLdd1.o
 .debug_macro   0x000259e4       0xfa ./Generated_Code/BitIoLdd10.o
 .debug_macro   0x00025ade       0x46 ./Generated_Code/BitIoLdd10.o
 .debug_macro   0x00025b24       0xfa ./Generated_Code/BitIoLdd11.o
 .debug_macro   0x00025c1e       0x46 ./Generated_Code/BitIoLdd11.o
 .debug_macro   0x00025c64       0xfa ./Generated_Code/BitIoLdd12.o
 .debug_macro   0x00025d5e       0x46 ./Generated_Code/BitIoLdd12.o
 .debug_macro   0x00025da4       0xfa ./Generated_Code/BitIoLdd2.o
 .debug_macro   0x00025e9e       0x40 ./Generated_Code/BitIoLdd2.o
 .debug_macro   0x00025ede       0xfa ./Generated_Code/BitIoLdd3.o
 .debug_macro   0x00025fd8       0x46 ./Generated_Code/BitIoLdd3.o
 .debug_macro   0x0002601e       0xfa ./Generated_Code/BitIoLdd4.o
 .debug_macro   0x00026118       0x40 ./Generated_Code/BitIoLdd4.o
 .debug_macro   0x00026158       0xfa ./Generated_Code/BitIoLdd5.o
 .debug_macro   0x00026252       0x46 ./Generated_Code/BitIoLdd5.o
 .debug_macro   0x00026298       0xfa ./Generated_Code/BitIoLdd6.o
 .debug_macro   0x00026392       0x40 ./Generated_Code/BitIoLdd6.o
 .debug_macro   0x000263d2       0xfa ./Generated_Code/BitIoLdd7.o
 .debug_macro   0x000264cc       0x46 ./Generated_Code/BitIoLdd7.o
 .debug_macro   0x00026512       0xfa ./Generated_Code/BitIoLdd8.o
 .debug_macro   0x0002660c       0x46 ./Generated_Code/BitIoLdd8.o
 .debug_macro   0x00026652       0xfa ./Generated_Code/BitIoLdd9.o
 .debug_macro   0x0002674c       0x46 ./Generated_Code/BitIoLdd9.o
 .debug_macro   0x00026792      0x327 ./Generated_Code/Cpu.o
 .debug_macro   0x00026ab9      0x395 ./Generated_Code/Inhr1.o
 .debug_macro   0x00026e4e      0x2ba ./Generated_Code/PE_LDD.o
 .debug_macro   0x00027108      0x10f ./Generated_Code/PwmLdd1.o
 .debug_macro   0x00027217      0x109 ./Generated_Code/RealTimeLdd1.o
 .debug_macro   0x00027320      0x108 ./Generated_Code/TU1.o
 .debug_macro   0x00027428      0x10f ./Generated_Code/TU2.o
 .debug_macro   0x00027537      0x106 ./Generated_Code/Term1.o
 .debug_macro   0x0002763d       0x34 ./Generated_Code/Term1.o

.debug_line     0x00000000     0x992d
 .debug_line    0x00000000      0x6bb ./Static_Code/System/CPU_Init.o
 .debug_line    0x000006bb      0xc5a ./Static_Code/System/Vectors.o
 .debug_line    0x00001315      0xa93 ./Sources/Drawshapes.o
 .debug_line    0x00001da8      0x7d0 ./Sources/Events.o
 .debug_line    0x00002578      0x955 ./Sources/GUI.o
 .debug_line    0x00002ecd      0x9b3 ./Sources/Motors.o
 .debug_line    0x00003880      0x849 ./Sources/main.o
 .debug_line    0x000040c9      0x3c8 ./Project_Settings/Startup_Code/startup.o
 .debug_line    0x00004491      0x453 ./Generated_Code/ASerialLdd1.o
 .debug_line    0x000048e4      0x398 ./Generated_Code/BitIoLdd1.o
 .debug_line    0x00004c7c      0x39e ./Generated_Code/BitIoLdd10.o
 .debug_line    0x0000501a      0x39e ./Generated_Code/BitIoLdd11.o
 .debug_line    0x000053b8      0x39e ./Generated_Code/BitIoLdd12.o
 .debug_line    0x00005756      0x386 ./Generated_Code/BitIoLdd2.o
 .debug_line    0x00005adc      0x398 ./Generated_Code/BitIoLdd3.o
 .debug_line    0x00005e74      0x386 ./Generated_Code/BitIoLdd4.o
 .debug_line    0x000061fa      0x398 ./Generated_Code/BitIoLdd5.o
 .debug_line    0x00006592      0x386 ./Generated_Code/BitIoLdd6.o
 .debug_line    0x00006918      0x39c ./Generated_Code/BitIoLdd7.o
 .debug_line    0x00006cb4      0x39c ./Generated_Code/BitIoLdd8.o
 .debug_line    0x00007050      0x39c ./Generated_Code/BitIoLdd9.o
 .debug_line    0x000073ec      0x5a6 ./Generated_Code/Cpu.o
 .debug_line    0x00007992      0x6ca ./Generated_Code/Inhr1.o
 .debug_line    0x0000805c      0x54f ./Generated_Code/PE_LDD.o
 .debug_line    0x000085ab      0x3b7 ./Generated_Code/PwmLdd1.o
 .debug_line    0x00008962      0x3de ./Generated_Code/RealTimeLdd1.o
 .debug_line    0x00008d40      0x3cf ./Generated_Code/TU1.o
 .debug_line    0x0000910f      0x388 ./Generated_Code/TU2.o
 .debug_line    0x00009497      0x496 ./Generated_Code/Term1.o

.debug_str      0x00000000    0xc074f
 .debug_str     0x00000000    0x5a0c6 ./Static_Code/System/CPU_Init.o
                              0x5a276 (size before relaxing)
 .debug_str     0x0005a0c6      0x980 ./Static_Code/System/Vectors.o
                              0x5a697 (size before relaxing)
 .debug_str     0x0005aa46    0x643e5 ./Sources/Drawshapes.o
                              0xbd376 (size before relaxing)
 .debug_str     0x000bee2b       0x3e ./Sources/Events.o
                              0xbcc9a (size before relaxing)
 .debug_str     0x000bee69       0xbe ./Sources/GUI.o
                              0xbcd27 (size before relaxing)
 .debug_str     0x000bef27       0x85 ./Sources/Motors.o
                              0xbcd3c (size before relaxing)
 .debug_str     0x000befac       0x12 ./Sources/main.o
                              0xbcce4 (size before relaxing)
 .debug_str     0x000befbe      0x186 ./Project_Settings/Startup_Code/startup.o
                              0x45bc2 (size before relaxing)
 .debug_str     0x000bf144      0x3c2 ./Generated_Code/ASerialLdd1.o
                              0x5b6db (size before relaxing)
 .debug_str     0x000bf506       0xf8 ./Generated_Code/BitIoLdd1.o
                              0x4d583 (size before relaxing)
 .debug_str     0x000bf5fe       0xba ./Generated_Code/BitIoLdd10.o
                              0x4d599 (size before relaxing)
 .debug_str     0x000bf6b8       0xba ./Generated_Code/BitIoLdd11.o
                              0x4d599 (size before relaxing)
 .debug_str     0x000bf772       0xba ./Generated_Code/BitIoLdd12.o
                              0x4d599 (size before relaxing)
 .debug_str     0x000bf82c       0xa0 ./Generated_Code/BitIoLdd2.o
                              0x4d551 (size before relaxing)
 .debug_str     0x000bf8cc       0xb1 ./Generated_Code/BitIoLdd3.o
                              0x4d583 (size before relaxing)
 .debug_str     0x000bf97d       0xa0 ./Generated_Code/BitIoLdd4.o
                              0x4d551 (size before relaxing)
 .debug_str     0x000bfa1d       0xb1 ./Generated_Code/BitIoLdd5.o
                              0x4d585 (size before relaxing)
 .debug_str     0x000bface       0xa0 ./Generated_Code/BitIoLdd6.o
                              0x4d551 (size before relaxing)
 .debug_str     0x000bfb6e       0xb1 ./Generated_Code/BitIoLdd7.o
                              0x4d585 (size before relaxing)
 .debug_str     0x000bfc1f       0xb1 ./Generated_Code/BitIoLdd8.o
                              0x4d585 (size before relaxing)
 .debug_str     0x000bfcd0       0xb1 ./Generated_Code/BitIoLdd9.o
                              0x4d585 (size before relaxing)
 .debug_str     0x000bfd81       0x28 ./Generated_Code/Cpu.o
                              0x58cee (size before relaxing)
 .debug_str     0x000bfda9      0x263 ./Generated_Code/Inhr1.o
                              0x58fbe (size before relaxing)
 .debug_str     0x000c000c      0x166 ./Generated_Code/PE_LDD.o
                              0x58e87 (size before relaxing)
 .debug_str     0x000c0172       0xe1 ./Generated_Code/PwmLdd1.o
                              0x55aea (size before relaxing)
 .debug_str     0x000c0253       0xe0 ./Generated_Code/RealTimeLdd1.o
                              0x55a53 (size before relaxing)
 .debug_str     0x000c0333      0x241 ./Generated_Code/TU1.o
                              0x55bd1 (size before relaxing)
 .debug_str     0x000c0574       0xdc ./Generated_Code/TU2.o
                              0x55bd4 (size before relaxing)
 .debug_str     0x000c0650       0xff ./Generated_Code/Term1.o
                              0x4c7ce (size before relaxing)

.comment        0x00000000       0x70
 .comment       0x00000000       0x70 ./Static_Code/System/CPU_Init.o
                                 0x71 (size before relaxing)
 .comment       0x00000000       0x71 ./Static_Code/System/Vectors.o
 .comment       0x00000000       0x71 ./Sources/Drawshapes.o
 .comment       0x00000000       0x71 ./Sources/Events.o
 .comment       0x00000000       0x71 ./Sources/GUI.o
 .comment       0x00000000       0x71 ./Sources/Motors.o
 .comment       0x00000000       0x71 ./Sources/main.o
 .comment       0x00000000       0x71 ./Project_Settings/Startup_Code/startup.o
 .comment       0x00000000       0x71 ./Generated_Code/ASerialLdd1.o
 .comment       0x00000000       0x71 ./Generated_Code/BitIoLdd1.o
 .comment       0x00000000       0x71 ./Generated_Code/BitIoLdd10.o
 .comment       0x00000000       0x71 ./Generated_Code/BitIoLdd11.o
 .comment       0x00000000       0x71 ./Generated_Code/BitIoLdd12.o
 .comment       0x00000000       0x71 ./Generated_Code/BitIoLdd2.o
 .comment       0x00000000       0x71 ./Generated_Code/BitIoLdd3.o
 .comment       0x00000000       0x71 ./Generated_Code/BitIoLdd4.o
 .comment       0x00000000       0x71 ./Generated_Code/BitIoLdd5.o
 .comment       0x00000000       0x71 ./Generated_Code/BitIoLdd6.o
 .comment       0x00000000       0x71 ./Generated_Code/BitIoLdd7.o
 .comment       0x00000000       0x71 ./Generated_Code/BitIoLdd8.o
 .comment       0x00000000       0x71 ./Generated_Code/BitIoLdd9.o
 .comment       0x00000000       0x71 ./Generated_Code/Cpu.o
 .comment       0x00000000       0x71 ./Generated_Code/Inhr1.o
 .comment       0x00000000       0x71 ./Generated_Code/PE_LDD.o
 .comment       0x00000000       0x71 ./Generated_Code/PwmLdd1.o
 .comment       0x00000000       0x71 ./Generated_Code/RealTimeLdd1.o
 .comment       0x00000000       0x71 ./Generated_Code/TU1.o
 .comment       0x00000000       0x71 ./Generated_Code/TU2.o
 .comment       0x00000000       0x71 ./Generated_Code/Term1.o

.debug_frame    0x00000000     0x2270
 .debug_frame   0x00000000       0x9c ./Static_Code/System/CPU_Init.o
 .debug_frame   0x0000009c      0xcb0 ./Static_Code/System/Vectors.o
 .debug_frame   0x00000d4c       0x90 ./Sources/Drawshapes.o
 .debug_frame   0x00000ddc       0x44 ./Sources/Events.o
 .debug_frame   0x00000e20      0x194 ./Sources/GUI.o
 .debug_frame   0x00000fb4      0x148 ./Sources/Motors.o
 .debug_frame   0x000010fc       0x30 ./Sources/main.o
 .debug_frame   0x0000112c       0xc0 ./Project_Settings/Startup_Code/startup.o
 .debug_frame   0x000011ec       0xec ./Generated_Code/ASerialLdd1.o
 .debug_frame   0x000012d8       0xb8 ./Generated_Code/BitIoLdd1.o
 .debug_frame   0x00001390       0xb8 ./Generated_Code/BitIoLdd10.o
 .debug_frame   0x00001448       0xb8 ./Generated_Code/BitIoLdd11.o
 .debug_frame   0x00001500       0xb8 ./Generated_Code/BitIoLdd12.o
 .debug_frame   0x000015b8       0x9c ./Generated_Code/BitIoLdd2.o
 .debug_frame   0x00001654       0xb8 ./Generated_Code/BitIoLdd3.o
 .debug_frame   0x0000170c       0x9c ./Generated_Code/BitIoLdd4.o
 .debug_frame   0x000017a8       0xb8 ./Generated_Code/BitIoLdd5.o
 .debug_frame   0x00001860       0x9c ./Generated_Code/BitIoLdd6.o
 .debug_frame   0x000018fc       0xb8 ./Generated_Code/BitIoLdd7.o
 .debug_frame   0x000019b4       0xb8 ./Generated_Code/BitIoLdd8.o
 .debug_frame   0x00001a6c       0xb8 ./Generated_Code/BitIoLdd9.o
 .debug_frame   0x00001b24       0x50 ./Generated_Code/Cpu.o
 .debug_frame   0x00001b74      0x118 ./Generated_Code/Inhr1.o
 .debug_frame   0x00001c8c       0x64 ./Generated_Code/PE_LDD.o
 .debug_frame   0x00001cf0       0xd0 ./Generated_Code/PwmLdd1.o
 .debug_frame   0x00001dc0       0xa4 ./Generated_Code/RealTimeLdd1.o
 .debug_frame   0x00001e64       0xb8 ./Generated_Code/TU1.o
 .debug_frame   0x00001f1c       0x6c ./Generated_Code/TU2.o
 .debug_frame   0x00001f88      0x178 ./Generated_Code/Term1.o
 .debug_frame   0x00002100       0x38 c:/freescale/kds_v3/toolchain/bin/../lib/gcc/arm-none-eabi/4.8.4/../../../../arm-none-eabi/lib/armv7e-m/fpu\libm.a(lib_a-w_sqrt.o)
 .debug_frame   0x00002138       0x3c c:/freescale/kds_v3/toolchain/bin/../lib/gcc/arm-none-eabi/4.8.4/../../../../arm-none-eabi/lib/armv7e-m/fpu\libm.a(lib_a-e_sqrt.o)
 .debug_frame   0x00002174       0x28 c:/freescale/kds_v3/toolchain/bin/../lib/gcc/arm-none-eabi/4.8.4/../../../../arm-none-eabi/lib/armv7e-m/fpu\libm.a(lib_a-s_fpclassify.o)
 .debug_frame   0x0000219c       0x20 c:/freescale/kds_v3/toolchain/bin/../lib/gcc/arm-none-eabi/4.8.4/../../../../arm-none-eabi/lib/armv7e-m/fpu\libm.a(lib_a-s_matherr.o)
 .debug_frame   0x000021bc       0x20 c:/freescale/kds_v3/toolchain/bin/../lib/gcc/arm-none-eabi/4.8.4/../../../../arm-none-eabi/lib/armv7e-m/fpu\libg_s.a(lib_a-errno.o)
 .debug_frame   0x000021dc       0x28 c:/freescale/kds_v3/toolchain/bin/../lib/gcc/arm-none-eabi/4.8.4/../../../../arm-none-eabi/lib/armv7e-m/fpu\libg_s.a(lib_a-exit.o)
 .debug_frame   0x00002204       0x2c c:/freescale/kds_v3/toolchain/bin/../lib/gcc/arm-none-eabi/4.8.4/../../../../arm-none-eabi/lib/armv7e-m/fpu\libg_s.a(lib_a-init.o)
 .debug_frame   0x00002230       0x20 c:/freescale/kds_v3/toolchain/bin/../lib/gcc/arm-none-eabi/4.8.4/../../../../arm-none-eabi/lib/armv7e-m/fpu\libg_s.a(lib_a-memset.o)
 .debug_frame   0x00002250       0x20 c:/freescale/kds_v3/toolchain/bin/../lib/gcc/arm-none-eabi/4.8.4/../../../../arm-none-eabi/lib/armv7e-m/fpu\libnosys.a(_exit.o)
