Archive member included because of file (symbol)

c:/freescale/kds_v3/toolchain/bin/../lib/gcc/arm-none-eabi/4.8.4/../../../../arm-none-eabi/lib/armv7e-m/fpu\libm.a(lib_a-w_sqrt.o)
                              ./Sources/Drawshapes.o (sqrt)
c:/freescale/kds_v3/toolchain/bin/../lib/gcc/arm-none-eabi/4.8.4/../../../../arm-none-eabi/lib/armv7e-m/fpu\libm.a(lib_a-e_sqrt.o)
                              c:/freescale/kds_v3/toolchain/bin/../lib/gcc/arm-none-eabi/4.8.4/../../../../arm-none-eabi/lib/armv7e-m/fpu\libm.a(lib_a-w_sqrt.o) (__ieee754_sqrt)
c:/freescale/kds_v3/toolchain/bin/../lib/gcc/arm-none-eabi/4.8.4/../../../../arm-none-eabi/lib/armv7e-m/fpu\libm.a(lib_a-s_fpclassify.o)
                              c:/freescale/kds_v3/toolchain/bin/../lib/gcc/arm-none-eabi/4.8.4/../../../../arm-none-eabi/lib/armv7e-m/fpu\libm.a(lib_a-w_sqrt.o) (__fpclassifyd)
c:/freescale/kds_v3/toolchain/bin/../lib/gcc/arm-none-eabi/4.8.4/../../../../arm-none-eabi/lib/armv7e-m/fpu\libm.a(lib_a-s_lib_ver.o)
                              c:/freescale/kds_v3/toolchain/bin/../lib/gcc/arm-none-eabi/4.8.4/../../../../arm-none-eabi/lib/armv7e-m/fpu\libm.a(lib_a-w_sqrt.o) (__fdlib_version)
c:/freescale/kds_v3/toolchain/bin/../lib/gcc/arm-none-eabi/4.8.4/../../../../arm-none-eabi/lib/armv7e-m/fpu\libm.a(lib_a-s_matherr.o)
                              c:/freescale/kds_v3/toolchain/bin/../lib/gcc/arm-none-eabi/4.8.4/../../../../arm-none-eabi/lib/armv7e-m/fpu\libm.a(lib_a-w_sqrt.o) (matherr)
c:/freescale/kds_v3/toolchain/bin/../lib/gcc/arm-none-eabi/4.8.4/armv7e-m/fpu\libgcc.a(_arm_addsubdf3.o)
                              c:/freescale/kds_v3/toolchain/bin/../lib/gcc/arm-none-eabi/4.8.4/../../../../arm-none-eabi/lib/armv7e-m/fpu\libm.a(lib_a-e_sqrt.o) (__aeabi_dsub)
c:/freescale/kds_v3/toolchain/bin/../lib/gcc/arm-none-eabi/4.8.4/armv7e-m/fpu\libgcc.a(_arm_muldivdf3.o)
                              c:/freescale/kds_v3/toolchain/bin/../lib/gcc/arm-none-eabi/4.8.4/../../../../arm-none-eabi/lib/armv7e-m/fpu\libm.a(lib_a-e_sqrt.o) (__aeabi_dmul)
c:/freescale/kds_v3/toolchain/bin/../lib/gcc/arm-none-eabi/4.8.4/armv7e-m/fpu\libgcc.a(_arm_cmpdf2.o)
                              c:/freescale/kds_v3/toolchain/bin/../lib/gcc/arm-none-eabi/4.8.4/../../../../arm-none-eabi/lib/armv7e-m/fpu\libm.a(lib_a-w_sqrt.o) (__aeabi_dcmplt)
c:/freescale/kds_v3/toolchain/bin/../lib/gcc/arm-none-eabi/4.8.4/armv7e-m/fpu\libgcc.a(_arm_fixdfsi.o)
                              ./Sources/Drawshapes.o (__aeabi_d2iz)
c:/freescale/kds_v3/toolchain/bin/../lib/gcc/arm-none-eabi/4.8.4/../../../../arm-none-eabi/lib/armv7e-m/fpu\libg_s.a(lib_a-errno.o)
                              c:/freescale/kds_v3/toolchain/bin/../lib/gcc/arm-none-eabi/4.8.4/../../../../arm-none-eabi/lib/armv7e-m/fpu\libm.a(lib_a-w_sqrt.o) (__errno)
c:/freescale/kds_v3/toolchain/bin/../lib/gcc/arm-none-eabi/4.8.4/../../../../arm-none-eabi/lib/armv7e-m/fpu\libg_s.a(lib_a-exit.o)
                              c:/freescale/kds_v3/toolchain/bin/../lib/gcc/arm-none-eabi/4.8.4/../../../../arm-none-eabi/lib/armv7e-m/fpu/crt0.o (exit)
c:/freescale/kds_v3/toolchain/bin/../lib/gcc/arm-none-eabi/4.8.4/../../../../arm-none-eabi/lib/armv7e-m/fpu\libg_s.a(lib_a-impure.o)
                              c:/freescale/kds_v3/toolchain/bin/../lib/gcc/arm-none-eabi/4.8.4/../../../../arm-none-eabi/lib/armv7e-m/fpu\libg_s.a(lib_a-exit.o) (_global_impure_ptr)
c:/freescale/kds_v3/toolchain/bin/../lib/gcc/arm-none-eabi/4.8.4/../../../../arm-none-eabi/lib/armv7e-m/fpu\libg_s.a(lib_a-init.o)
                              c:/freescale/kds_v3/toolchain/bin/../lib/gcc/arm-none-eabi/4.8.4/../../../../arm-none-eabi/lib/armv7e-m/fpu/crt0.o (__libc_init_array)
c:/freescale/kds_v3/toolchain/bin/../lib/gcc/arm-none-eabi/4.8.4/../../../../arm-none-eabi/lib/armv7e-m/fpu\libg_s.a(lib_a-memset.o)
                              c:/freescale/kds_v3/toolchain/bin/../lib/gcc/arm-none-eabi/4.8.4/../../../../arm-none-eabi/lib/armv7e-m/fpu/crt0.o (memset)
c:/freescale/kds_v3/toolchain/bin/../lib/gcc/arm-none-eabi/4.8.4/../../../../arm-none-eabi/lib/armv7e-m/fpu\libnosys.a(_exit.o)
                              c:/freescale/kds_v3/toolchain/bin/../lib/gcc/arm-none-eabi/4.8.4/../../../../arm-none-eabi/lib/armv7e-m/fpu\libg_s.a(lib_a-exit.o) (_exit)

Allocating common symbols
Common symbol       size              file

ASerialLdd1_DeviceDataPtr
                    0x4               ./Generated_Code/Inhr1.o
c                   0x1               ./Sources/main.o
SR_reg              0x1               ./Static_Code/System/CPU_Init.o

Discarded input sections

 .text          0x00000000        0x0 c:/freescale/kds_v3/toolchain/bin/../lib/gcc/arm-none-eabi/4.8.4/armv7e-m/fpu/crti.o
 .data          0x00000000        0x0 c:/freescale/kds_v3/toolchain/bin/../lib/gcc/arm-none-eabi/4.8.4/armv7e-m/fpu/crti.o
 .bss           0x00000000        0x0 c:/freescale/kds_v3/toolchain/bin/../lib/gcc/arm-none-eabi/4.8.4/armv7e-m/fpu/crti.o
[...]
Memory Configuration

Name             Origin             Length             Attributes
m_interrupts     0x00000000         0x00000198         xr
m_text           0x00000410         0x0007fbf0         xr
m_data           0x1fff0000         0x00010000         rw
m_data_20000000  0x20000000         0x00010000         rw
m_cfmprotrom     0x00000400         0x00000010         xr
*default*        0x00000000         0xffffffff

Linker script and memory map

LOAD c:/freescale/kds_v3/toolchain/bin/../lib/gcc/arm-none-eabi/4.8.4/armv7e-m/fpu/crti.o
LOAD c:/freescale/kds_v3/toolchain/bin/../lib/gcc/arm-none-eabi/4.8.4/armv7e-m/fpu/crtbegin.o
LOAD c:/freescale/kds_v3/toolchain/bin/../lib/gcc/arm-none-eabi/4.8.4/../../../../arm-none-eabi/lib/armv7e-m/fpu/crt0.o
LOAD ./Static_Code/System/CPU_Init.o
LOAD ./Static_Code/System/Peripherals_Init.o
LOAD ./Static_Code/System/Vectors.o
LOAD ./Sources/Drawshapes.o
LOAD ./Sources/Events.o
LOAD ./Sources/GUI.o
LOAD ./Sources/Motors.o
LOAD ./Sources/main.o
LOAD ./Project_Settings/Startup_Code/startup.o
LOAD ./Generated_Code/ASerialLdd1.o
LOAD ./Generated_Code/BitIoLdd1.o
LOAD ./Generated_Code/BitIoLdd10.o
LOAD ./Generated_Code/BitIoLdd11.o
LOAD ./Generated_Code/BitIoLdd12.o
LOAD ./Generated_Code/BitIoLdd2.o
LOAD ./Generated_Code/BitIoLdd3.o
LOAD ./Generated_Code/BitIoLdd4.o
LOAD ./Generated_Code/BitIoLdd5.o
LOAD ./Generated_Code/BitIoLdd6.o
LOAD ./Generated_Code/BitIoLdd7.o
LOAD ./Generated_Code/BitIoLdd8.o
LOAD ./Generated_Code/BitIoLdd9.o
LOAD ./Generated_Code/Cpu.o
LOAD ./Generated_Code/FC321.o
LOAD ./Generated_Code/Inhr1.o
LOAD ./Generated_Code/PE_LDD.o
LOAD ./Generated_Code/PWM1.o
LOAD ./Generated_Code/Pins1.o
LOAD ./Generated_Code/PwmLdd1.o
LOAD ./Generated_Code/RealTimeLdd1.o
LOAD ./Generated_Code/TU1.o
LOAD ./Generated_Code/TU2.o
LOAD ./Generated_Code/Term1.o
LOAD ./Generated_Code/enable.o
LOAD ./Generated_Code/mode_0.o
LOAD ./Generated_Code/mode_1.o
LOAD ./Generated_Code/mode_2.o
LOAD ./Generated_Code/reset.o
LOAD ./Generated_Code/sleep.o
LOAD ./Generated_Code/x_dir.o
LOAD ./Generated_Code/x_step.o
LOAD ./Generated_Code/y_dir.o
LOAD ./Generated_Code/y_step.o
LOAD ./Generated_Code/z_dir.o
LOAD ./Generated_Code/z_step.o
LOAD c:/freescale/kds_v3/toolchain/bin/../lib/gcc/arm-none-eabi/4.8.4/../../../../arm-none-eabi/lib/armv7e-m/fpu\libstdc++_s.a
LOAD c:/freescale/kds_v3/toolchain/bin/../lib/gcc/arm-none-eabi/4.8.4/../../../../arm-none-eabi/lib/armv7e-m/fpu\libm.a
START GROUP
LOAD c:/freescale/kds_v3/toolchain/bin/../lib/gcc/arm-none-eabi/4.8.4/armv7e-m/fpu\libgcc.a
LOAD c:/freescale/kds_v3/toolchain/bin/../lib/gcc/arm-none-eabi/4.8.4/../../../../arm-none-eabi/lib/armv7e-m/fpu\libg_s.a
LOAD c:/freescale/kds_v3/toolchain/bin/../lib/gcc/arm-none-eabi/4.8.4/../../../../arm-none-eabi/lib/armv7e-m/fpu\libc_s.a
END GROUP
START GROUP
LOAD c:/freescale/kds_v3/toolchain/bin/../lib/gcc/arm-none-eabi/4.8.4/armv7e-m/fpu\libgcc.a
LOAD c:/freescale/kds_v3/toolchain/bin/../lib/gcc/arm-none-eabi/4.8.4/../../../../arm-none-eabi/lib/armv7e-m/fpu\libc_s.a
LOAD c:/freescale/kds_v3/toolchain/bin/../lib/gcc/arm-none-eabi/4.8.4/../../../../arm-none-eabi/lib/armv7e-m/fpu\libnosys.a
END GROUP
START GROUP
LOAD c:/freescale/kds_v3/toolchain/bin/../lib/gcc/arm-none-eabi/4.8.4/armv7e-m/fpu\libgcc.a
LOAD c:/freescale/kds_v3/toolchain/bin/../lib/gcc/arm-none-eabi/4.8.4/../../../../arm-none-eabi/lib/armv7e-m/fpu\libc_s.a
LOAD c:/freescale/kds_v3/toolchain/bin/../lib/gcc/arm-none-eabi/4.8.4/../../../../arm-none-eabi/lib/armv7e-m/fpu\libnosys.a
END GROUP
LOAD c:/freescale/kds_v3/toolchain/bin/../lib/gcc/arm-none-eabi/4.8.4/armv7e-m/fpu/crtend.o
LOAD c:/freescale/kds_v3/toolchain/bin/../lib/gcc/arm-none-eabi/4.8.4/armv7e-m/fpu/crtn.o
                0x20000000                _estack = 0x20000000
                0x20000000                __SP_INIT = _estack
                0x20000000                __stack = _estack
                0x00000000                __heap_size = 0x0
                0x00000400                __stack_size = 0x400

.interrupts     0x00000000      0x198
                0x00000000                __vector_table = .
                0x00000000                . = ALIGN (0x4)
 *(.vectortable)
 .vectortable   0x00000000      0x198 ./Static_Code/System/Vectors.o
                0x00000000                __vect_table
                0x00000198                . = ALIGN (0x4)

.cfmprotect     0x00000400       0x10
                0x00000400                . = ALIGN (0x4)
 *(.cfmconfig)
 .cfmconfig     0x00000400       0x10 ./Static_Code/System/CPU_Init.o
                0x00000400                _cfm
                0x00000410                . = ALIGN (0x4)

.text           0x00000410     0x4534
                0x00000410                . = ALIGN (0x4)
 *(.text)
 .text          0x00000410       0x54 c:/freescale/kds_v3/toolchain/bin/../lib/gcc/arm-none-eabi/4.8.4/armv7e-m/fpu/crtbegin.o
 .text          0x00000464       0x74 c:/freescale/kds_v3/toolchain/bin/../lib/gcc/arm-none-eabi/4.8.4/../../../../arm-none-eabi/lib/armv7e-m/fpu/crt0.o
                0x00000464                _start
                0x00000464                _mainCRTStartup
 .text          0x000004d8      0x370 c:/freescale/kds_v3/toolchain/bin/../lib/gcc/arm-none-eabi/4.8.4/armv7e-m/fpu\libgcc.a(_arm_addsubdf3.o)
                0x000004d8                __aeabi_drsub
                0x000004e0                __aeabi_dsub
                0x000004e0                __subdf3
                0x000004e4                __aeabi_dadd
                0x000004e4                __adddf3
                0x0000075c                __floatunsidf
                0x0000075c                __aeabi_ui2d
                0x0000077c                __floatsidf
                0x0000077c                __aeabi_i2d
                0x000007a0                __aeabi_f2d
                0x000007a0                __extendsfdf2
                0x000007dc                __floatundidf
                0x000007dc                __aeabi_ul2d
                0x000007ec                __floatdidf
                0x000007ec                __aeabi_l2d
 .text          0x00000848      0x424 c:/freescale/kds_v3/toolchain/bin/../lib/gcc/arm-none-eabi/4.8.4/armv7e-m/fpu\libgcc.a(_arm_muldivdf3.o)
                0x00000848                __aeabi_dmul
                0x00000848                __muldf3
                0x00000a9c                __divdf3
                0x00000a9c                __aeabi_ddiv
 .text          0x00000c6c      0x110 c:/freescale/kds_v3/toolchain/bin/../lib/gcc/arm-none-eabi/4.8.4/armv7e-m/fpu\libgcc.a(_arm_cmpdf2.o)
                0x00000c6c                __gtdf2
                0x00000c6c                __gedf2
                0x00000c74                __ltdf2
                0x00000c74                __ledf2
                0x00000c7c                __nedf2
                0x00000c7c                __eqdf2
                0x00000c7c                __cmpdf2
                0x00000cf8                __aeabi_cdrcmple
                0x00000d08                __aeabi_cdcmpeq
                0x00000d08                __aeabi_cdcmple
                0x00000d18                __aeabi_dcmpeq
                0x00000d2c                __aeabi_dcmplt
                0x00000d40                __aeabi_dcmple
                0x00000d54                __aeabi_dcmpge
                0x00000d68                __aeabi_dcmpgt
 .text          0x00000d7c       0x50 c:/freescale/kds_v3/toolchain/bin/../lib/gcc/arm-none-eabi/4.8.4/armv7e-m/fpu\libgcc.a(_arm_fixdfsi.o)
                0x00000d7c                __aeabi_d2iz
                0x00000d7c                __fixdfsi
 *(.text*)
 .text.CPU_SetBASEPRI
                0x00000dcc       0x18 ./Static_Code/System/CPU_Init.o
                0x00000dcc                CPU_SetBASEPRI
 .text.__init_hardware
                0x00000de4       0xb4 ./Static_Code/System/CPU_Init.o
                0x00000de4                __init_hardware
 .text.PE_low_level_init
                0x00000e98       0x44 ./Static_Code/System/CPU_Init.o
                0x00000e98                PE_low_level_init
 .text.CPU_GetClockGenMode
                0x00000edc       0x90 ./Static_Code/System/CPU_Init.o
                0x00000edc                CPU_GetClockGenMode
 .text.CPU_SetClockConfigGenMode
                0x00000f6c      0x54c ./Static_Code/System/CPU_Init.o
                0x00000f6c                CPU_SetClockConfigGenMode
 .text.UnhandledInterrupt
                0x000014b8       0x18 ./Static_Code/System/Vectors.o
                0x000014b8                UnhandledInterrupt
 .text.draw_House
                0x000014d0      0x1d8 ./Sources/Drawshapes.o
                0x000014d0                draw_House
 .text.control_circle_dir
                0x000016a8      0x194 ./Sources/Drawshapes.o
                0x000016a8                control_circle_dir
 .text.draw_oval
                0x0000183c      0x1c0 ./Sources/Drawshapes.o
                0x0000183c                draw_oval
 .text.draw_shapes
                0x000019fc       0x64 ./Sources/Drawshapes.o
                0x000019fc                draw_shapes
 .text.Cpu_OnNMI
                0x00001a60        0xc ./Sources/Events.o
                0x00001a60                Cpu_OnNMI
 .text.Inhr1_OnRxChar
                0x00001a6c       0x10 ./Sources/Events.o
                0x00001a6c                Inhr1_OnRxChar
 .text.GUI_main
                0x00001a7c       0xf0 ./Sources/GUI.o
                0x00001a7c                GUI_main
 .text.GUI_Menu
                0x00001b6c       0x68 ./Sources/GUI.o
                0x00001b6c                GUI_Menu
 .text.GUI_manual
                0x00001bd4       0xbc ./Sources/GUI.o
                0x00001bd4                GUI_manual
 .text.GUI_clear
                0x00001c90       0x30 ./Sources/GUI.o
                0x00001c90                GUI_clear
 .text.GUI_shapes
                0x00001cc0       0x50 ./Sources/GUI.o
                0x00001cc0                GUI_shapes
 .text.clean_prompt
                0x00001d10       0x20 ./Sources/GUI.o
                0x00001d10                clean_prompt
 .text.prompt_decrease
                0x00001d30       0x34 ./Sources/GUI.o
                0x00001d30                prompt_decrease
 .text.prompt_increase
                0x00001d64       0x34 ./Sources/GUI.o
                0x00001d64                prompt_increase
 .text.change_x
                0x00001d98       0x30 ./Sources/GUI.o
                0x00001d98                change_x
 .text.change_y
                0x00001dc8       0x30 ./Sources/GUI.o
                0x00001dc8                change_y
 .text.change_z
                0x00001df8       0x30 ./Sources/GUI.o
                0x00001df8                change_z
 .text.change_p
                0x00001e28       0x30 ./Sources/GUI.o
                0x00001e28                change_p
 .text.reset_position_GUI
                0x00001e58       0x60 ./Sources/GUI.o
                0x00001e58                reset_position_GUI
 .text.delay    0x00001eb8       0x38 ./Sources/Motors.o
                0x00001eb8                delay
 .text.starterup
                0x00001ef0       0x3c ./Sources/Motors.o
                0x00001ef0                starterup
 .text.x_motor  0x00001f2c       0x80 ./Sources/Motors.o
                0x00001f2c                x_motor
 .text.y_motor  0x00001fac       0x80 ./Sources/Motors.o
                0x00001fac                y_motor
 .text.z_motor  0x0000202c       0x80 ./Sources/Motors.o
                0x0000202c                z_motor
 .text.manual_control
                0x000020ac      0x204 ./Sources/Motors.o
                0x000020ac                manual_control
 .text.x_reset  0x000022b0       0x54 ./Sources/Motors.o
                0x000022b0                x_reset
 .text.y_reset  0x00002304       0x50 ./Sources/Motors.o
                0x00002304                y_reset
 .text.z_reset  0x00002354       0x54 ./Sources/Motors.o
                0x00002354                z_reset
 .text.reset_position
                0x000023a8       0x74 ./Sources/Motors.o
                0x000023a8                reset_position
 .text.main     0x0000241c      0x114 ./Sources/main.o
                0x0000241c                main
 .text.__copy_rom_section
                0x00002530       0xe4 ./Project_Settings/Startup_Code/startup.o
                0x00002530                __copy_rom_section
 .text.__copy_rom_sections_to_ram
                0x00002614       0x9c ./Project_Settings/Startup_Code/startup.o
                0x00002614                __copy_rom_sections_to_ram
 .text.__init_registers
                0x000026b0       0x20 ./Project_Settings/Startup_Code/startup.o
                0x000026b0                __init_registers
 .text.__init_user
                0x000026d0        0xc ./Project_Settings/Startup_Code/startup.o
                0x000026d0                __init_user
 .text.__thumb_startup
                0x000026dc       0x34 ./Project_Settings/Startup_Code/startup.o
                0x000026dc                __thumb_startup
 .text.ASerialLdd1_Init
                0x00002710      0x1d8 ./Generated_Code/ASerialLdd1.o
                0x00002710                ASerialLdd1_Init
 .text.ASerialLdd1_ReceiveBlock
                0x000028e8       0x90 ./Generated_Code/ASerialLdd1.o
                0x000028e8                ASerialLdd1_ReceiveBlock
 .text.ASerialLdd1_SendBlock
                0x00002978       0xbc ./Generated_Code/ASerialLdd1.o
                0x00002978                ASerialLdd1_SendBlock
 .text.InterruptRx
                0x00002a34       0x58 ./Generated_Code/ASerialLdd1.o
 .text.InterruptTx
                0x00002a8c       0x80 ./Generated_Code/ASerialLdd1.o
 .text.ASerialLdd1_Interrupt
                0x00002b0c       0xf4 ./Generated_Code/ASerialLdd1.o
                0x00002b0c                ASerialLdd1_Interrupt
 .text.ASerialLdd1_GetError
                0x00002c00       0x70 ./Generated_Code/ASerialLdd1.o
                0x00002c00                ASerialLdd1_GetError
 .text.BitIoLdd1_Init
                0x00002c70       0x80 ./Generated_Code/BitIoLdd1.o
                0x00002c70                BitIoLdd1_Init
 .text.BitIoLdd1_NegVal
                0x00002cf0       0x1c ./Generated_Code/BitIoLdd1.o
                0x00002cf0                BitIoLdd1_NegVal
 .text.BitIoLdd10_Init
                0x00002d0c       0x80 ./Generated_Code/BitIoLdd10.o
                0x00002d0c                BitIoLdd10_Init
 .text.BitIoLdd10_ClrVal
                0x00002d8c       0x1c ./Generated_Code/BitIoLdd10.o
                0x00002d8c                BitIoLdd10_ClrVal
 .text.BitIoLdd11_Init
                0x00002da8       0x80 ./Generated_Code/BitIoLdd11.o
                0x00002da8                BitIoLdd11_Init
 .text.BitIoLdd11_ClrVal
                0x00002e28       0x1c ./Generated_Code/BitIoLdd11.o
                0x00002e28                BitIoLdd11_ClrVal
 .text.BitIoLdd12_Init
                0x00002e44       0x80 ./Generated_Code/BitIoLdd12.o
                0x00002e44                BitIoLdd12_Init
 .text.BitIoLdd12_ClrVal
                0x00002ec4       0x1c ./Generated_Code/BitIoLdd12.o
                0x00002ec4                BitIoLdd12_ClrVal
 .text.BitIoLdd2_Init
                0x00002ee0       0x80 ./Generated_Code/BitIoLdd2.o
                0x00002ee0                BitIoLdd2_Init
 .text.BitIoLdd2_PutVal
                0x00002f60       0x30 ./Generated_Code/BitIoLdd2.o
                0x00002f60                BitIoLdd2_PutVal
 .text.BitIoLdd3_Init
                0x00002f90       0x80 ./Generated_Code/BitIoLdd3.o
                0x00002f90                BitIoLdd3_Init
 .text.BitIoLdd3_NegVal
                0x00003010       0x1c ./Generated_Code/BitIoLdd3.o
                0x00003010                BitIoLdd3_NegVal
 .text.BitIoLdd4_Init
                0x0000302c       0x80 ./Generated_Code/BitIoLdd4.o
                0x0000302c                BitIoLdd4_Init
 .text.BitIoLdd4_PutVal
                0x000030ac       0x30 ./Generated_Code/BitIoLdd4.o
                0x000030ac                BitIoLdd4_PutVal
 .text.BitIoLdd5_Init
                0x000030dc       0x80 ./Generated_Code/BitIoLdd5.o
                0x000030dc                BitIoLdd5_Init
 .text.BitIoLdd5_NegVal
                0x0000315c       0x20 ./Generated_Code/BitIoLdd5.o
                0x0000315c                BitIoLdd5_NegVal
 .text.BitIoLdd6_Init
                0x0000317c       0x80 ./Generated_Code/BitIoLdd6.o
                0x0000317c                BitIoLdd6_Init
 .text.BitIoLdd6_PutVal
                0x000031fc       0x30 ./Generated_Code/BitIoLdd6.o
                0x000031fc                BitIoLdd6_PutVal
 .text.BitIoLdd7_Init
                0x0000322c       0x80 ./Generated_Code/BitIoLdd7.o
                0x0000322c                BitIoLdd7_Init
 .text.BitIoLdd7_SetVal
                0x000032ac       0x20 ./Generated_Code/BitIoLdd7.o
                0x000032ac                BitIoLdd7_SetVal
 .text.BitIoLdd8_Init
                0x000032cc       0x80 ./Generated_Code/BitIoLdd8.o
                0x000032cc                BitIoLdd8_Init
 .text.BitIoLdd8_SetVal
                0x0000334c       0x20 ./Generated_Code/BitIoLdd8.o
                0x0000334c                BitIoLdd8_SetVal
 .text.BitIoLdd9_Init
                0x0000336c       0x80 ./Generated_Code/BitIoLdd9.o
                0x0000336c                BitIoLdd9_Init
 .text.Components_Init
                0x000033ec       0x60 ./Generated_Code/Cpu.o
                0x000033ec                Components_Init
 .text.Cpu_INT_NMIInterrupt
                0x0000344c       0x1c ./Generated_Code/Cpu.o
                0x0000344c                Cpu_INT_NMIInterrupt
 .text.HWEnDi   0x00003468       0x1c ./Generated_Code/Inhr1.o
 .text.Inhr1_RecvChar
                0x00003484       0xd8 ./Generated_Code/Inhr1.o
                0x00003484                Inhr1_RecvChar
 .text.Inhr1_SendChar
                0x0000355c       0xdc ./Generated_Code/Inhr1.o
                0x0000355c                Inhr1_SendChar
 .text.Inhr1_Init
                0x00003638       0x60 ./Generated_Code/Inhr1.o
                0x00003638                Inhr1_Init
 .text.ASerialLdd1_OnBlockReceived
                0x00003698       0x90 ./Generated_Code/Inhr1.o
                0x00003698                ASerialLdd1_OnBlockReceived
 .text.ASerialLdd1_OnBlockSent
                0x00003728       0x88 ./Generated_Code/Inhr1.o
                0x00003728                ASerialLdd1_OnBlockSent
 .text.ASerialLdd1_OnError
                0x000037b0       0x98 ./Generated_Code/Inhr1.o
                0x000037b0                ASerialLdd1_OnError
 .text.ASerialLdd1_OnBreak
                0x00003848       0x24 ./Generated_Code/Inhr1.o
                0x00003848                ASerialLdd1_OnBreak
 .text.PwmLdd1_Init
                0x0000386c       0x58 ./Generated_Code/PwmLdd1.o
                0x0000386c                PwmLdd1_Init
 .text.PwmLdd1_SetRatio8
                0x000038c4       0x2c ./Generated_Code/PwmLdd1.o
                0x000038c4                PwmLdd1_SetRatio8
 .text.SetRatio
                0x000038f0       0x54 ./Generated_Code/PwmLdd1.o
 .text.RealTimeLdd1_Init
                0x00003944       0x5c ./Generated_Code/RealTimeLdd1.o
                0x00003944                RealTimeLdd1_Init
 .text.RealTimeLdd1_Reset
                0x000039a0       0x74 ./Generated_Code/RealTimeLdd1.o
                0x000039a0                RealTimeLdd1_Reset
 .text.RealTimeLdd1_GetTimeMS
                0x00003a14       0xc0 ./Generated_Code/RealTimeLdd1.o
                0x00003a14                RealTimeLdd1_GetTimeMS
 .text.TU2_OnCounterRestart
                0x00003ad4       0x34 ./Generated_Code/RealTimeLdd1.o
                0x00003ad4                TU2_OnCounterRestart
 .text.TU1_Init
                0x00003b08      0x100 ./Generated_Code/TU1.o
                0x00003b08                TU1_Init
 .text.TU1_GetPeriodTicks
                0x00003c08       0x30 ./Generated_Code/TU1.o
                0x00003c08                TU1_GetPeriodTicks
 .text.TU1_SetOffsetTicks
                0x00003c38       0x44 ./Generated_Code/TU1.o
                0x00003c38                TU1_SetOffsetTicks
 .text.TU2_Init
                0x00003c7c       0xf8 ./Generated_Code/TU2.o
                0x00003c7c                TU2_Init
 .text.TU2_ResetCounter
                0x00003d74       0x20 ./Generated_Code/TU2.o
                0x00003d74                TU2_ResetCounter
 .text.TU2_Interrupt
                0x00003d94       0x6c ./Generated_Code/TU2.o
                0x00003d94                TU2_Interrupt
 .text.SendESCPrefix
                0x00003e00       0x24 ./Generated_Code/Term1.o
 .text.Term1_SendStr
                0x00003e24       0x34 ./Generated_Code/Term1.o
                0x00003e24                Term1_SendStr
 .text.LongToStr
                0x00003e58       0xf4 ./Generated_Code/Term1.o
 .text.Term1_SendNum
                0x00003f4c       0x54 ./Generated_Code/Term1.o
                0x00003f4c                Term1_SendNum
 .text.Term1_Cls
                0x00003fa0       0x28 ./Generated_Code/Term1.o
                0x00003fa0                Term1_Cls
 .text.Term1_MoveTo
                0x00003fc8       0x44 ./Generated_Code/Term1.o
                0x00003fc8                Term1_MoveTo
 .text.Term1_SetColor
                0x0000400c       0x64 ./Generated_Code/Term1.o
                0x0000400c                Term1_SetColor
 .text.Term1_EraseLine
                0x00004070       0x18 ./Generated_Code/Term1.o
                0x00004070                Term1_EraseLine
 .text.sqrt     0x00004088       0xbc c:/freescale/kds_v3/toolchain/bin/../lib/gcc/arm-none-eabi/4.8.4/../../../../arm-none-eabi/lib/armv7e-m/fpu\libm.a(lib_a-w_sqrt.o)
                0x00004088                sqrt
 .text.__ieee754_sqrt
                0x00004144      0x198 c:/freescale/kds_v3/toolchain/bin/../lib/gcc/arm-none-eabi/4.8.4/../../../../arm-none-eabi/lib/armv7e-m/fpu\libm.a(lib_a-e_sqrt.o)
                0x00004144                __ieee754_sqrt
 .text.__fpclassifyd
                0x000042dc       0x54 c:/freescale/kds_v3/toolchain/bin/../lib/gcc/arm-none-eabi/4.8.4/../../../../arm-none-eabi/lib/armv7e-m/fpu\libm.a(lib_a-s_fpclassify.o)
                0x000042dc                __fpclassifyd
 .text.matherr  0x00004330        0x4 c:/freescale/kds_v3/toolchain/bin/../lib/gcc/arm-none-eabi/4.8.4/../../../../arm-none-eabi/lib/armv7e-m/fpu\libm.a(lib_a-s_matherr.o)
                0x00004330                matherr
 .text.__errno  0x00004334        0xc c:/freescale/kds_v3/toolchain/bin/../lib/gcc/arm-none-eabi/4.8.4/../../../../arm-none-eabi/lib/armv7e-m/fpu\libg_s.a(lib_a-errno.o)
                0x00004334                __errno
 .text.exit     0x00004340       0x28 c:/freescale/kds_v3/toolchain/bin/../lib/gcc/arm-none-eabi/4.8.4/../../../../arm-none-eabi/lib/armv7e-m/fpu\libg_s.a(lib_a-exit.o)
                0x00004340                exit
 .text.__libc_init_array
                0x00004368       0x4c c:/freescale/kds_v3/toolchain/bin/../lib/gcc/arm-none-eabi/4.8.4/../../../../arm-none-eabi/lib/armv7e-m/fpu\libg_s.a(lib_a-init.o)
                0x00004368                __libc_init_array
 .text.memset   0x000043b4       0x10 c:/freescale/kds_v3/toolchain/bin/../lib/gcc/arm-none-eabi/4.8.4/../../../../arm-none-eabi/lib/armv7e-m/fpu\libg_s.a(lib_a-memset.o)
                0x000043b4                memset
 .text._exit    0x000043c4        0x4 c:/freescale/kds_v3/toolchain/bin/../lib/gcc/arm-none-eabi/4.8.4/../../../../arm-none-eabi/lib/armv7e-m/fpu\libnosys.a(_exit.o)
                0x000043c4                _exit
 *(.rodata)
 .rodata        0x000043c8       0x94 ./Sources/Drawshapes.o
 .rodata        0x0000445c      0x3b4 ./Sources/GUI.o
 .rodata        0x00004810       0x10 ./Sources/Motors.o
 *(.rodata*)
 .rodata.ClockGenModeMatrix
                0x00004820       0x80 ./Static_Code/System/CPU_Init.o
 .rodata.CPU_ClockConfigDescriptors
                0x000048a0       0x1c ./Static_Code/System/CPU_Init.o
 .rodata.CPU_DefaultFEI
                0x000048bc        0x8 ./Static_Code/System/CPU_Init.o
 .rodata.CPU_DefaultFBI
                0x000048c4        0x8 ./Static_Code/System/CPU_Init.o
 .rodata.CPU_DefaultBLPI
                0x000048cc        0x8 ./Static_Code/System/CPU_Init.o
 .rodata.CPU_DefaultFEE
                0x000048d4        0x8 ./Static_Code/System/CPU_Init.o
 .rodata.CPU_DefaultFBE
                0x000048dc        0x8 ./Static_Code/System/CPU_Init.o
 .rodata.CPU_DefaultBLPE
                0x000048e4        0x8 ./Static_Code/System/CPU_Init.o
 .rodata.CPU_DefaultPBE
                0x000048ec        0x8 ./Static_Code/System/CPU_Init.o
 .rodata.CPU_DefaultPEE
                0x000048f4        0x8 ./Static_Code/System/CPU_Init.o
 .rodata.CPU_ClockGenModeRegs
                0x000048fc       0x20 ./Static_Code/System/CPU_Init.o
 .rodata.str1.4
                0x0000491c        0x8 c:/freescale/kds_v3/toolchain/bin/../lib/gcc/arm-none-eabi/4.8.4/../../../../arm-none-eabi/lib/armv7e-m/fpu\libm.a(lib_a-w_sqrt.o)
 .rodata.str1.1
                0x00004924        0x2 c:/freescale/kds_v3/toolchain/bin/../lib/gcc/arm-none-eabi/4.8.4/../../../../arm-none-eabi/lib/armv7e-m/fpu\libg_s.a(lib_a-impure.o)
 *fill*         0x00004926        0x2 
 .rodata._global_impure_ptr
                0x00004928        0x4 c:/freescale/kds_v3/toolchain/bin/../lib/gcc/arm-none-eabi/4.8.4/../../../../arm-none-eabi/lib/armv7e-m/fpu\libg_s.a(lib_a-impure.o)
                0x00004928                _global_impure_ptr
 *(.glue_7)
 .glue_7        0x00000000        0x0 linker stubs
 *(.glue_7t)
 .glue_7t       0x00000000        0x0 linker stubs
 *(.eh_frame)
 .eh_frame      0x0000492c        0x0 c:/freescale/kds_v3/toolchain/bin/../lib/gcc/arm-none-eabi/4.8.4/armv7e-m/fpu/crtbegin.o
 *(.init)
 .init          0x0000492c        0x4 c:/freescale/kds_v3/toolchain/bin/../lib/gcc/arm-none-eabi/4.8.4/armv7e-m/fpu/crti.o
                0x0000492c                _init
 .init          0x00004930        0x8 c:/freescale/kds_v3/toolchain/bin/../lib/gcc/arm-none-eabi/4.8.4/armv7e-m/fpu/crtn.o
 *(.fini)
 .fini          0x00004938        0x4 c:/freescale/kds_v3/toolchain/bin/../lib/gcc/arm-none-eabi/4.8.4/armv7e-m/fpu/crti.o
                0x00004938                _fini
 .fini          0x0000493c        0x8 c:/freescale/kds_v3/toolchain/bin/../lib/gcc/arm-none-eabi/4.8.4/armv7e-m/fpu/crtn.o
                0x00004944                . = ALIGN (0x4)
                0x00004944                _etext = .

.vfp11_veneer   0x00004944        0x0
 .vfp11_veneer  0x00000000        0x0 linker stubs

.v4_bx          0x00004944        0x0
 .v4_bx         0x00000000        0x0 linker stubs

.iplt           0x00004944        0x0
 .iplt          0x00000000        0x0 c:/freescale/kds_v3/toolchain/bin/../lib/gcc/arm-none-eabi/4.8.4/armv7e-m/fpu/crtbegin.o

.ARM.extab
 *(.ARM.extab* .gnu.linkonce.armextab.*)

.ARM            0x00004944        0x8
                0x00004944                __exidx_start = .
 *(.ARM.exidx*)
 .ARM.exidx     0x00004944        0x8 c:/freescale/kds_v3/toolchain/bin/../lib/gcc/arm-none-eabi/4.8.4/../../../../arm-none-eabi/lib/armv7e-m/fpu/crt0.o
                0x0000494c                __exidx_end = .

.rel.dyn        0x0000494c        0x0
 .rel.iplt      0x00000000        0x0 c:/freescale/kds_v3/toolchain/bin/../lib/gcc/arm-none-eabi/4.8.4/armv7e-m/fpu/crtbegin.o

.ctors          0x0000494c        0x0
                0x0000494c                __CTOR_LIST__ = .
 *crtbegin.o(.ctors)
 *(EXCLUDE_FILE(*crtend.o) .ctors)
 *(SORT(.ctors.*))
 *(.ctors)
                0x0000494c                __CTOR_END__ = .

.dtors          0x0000494c        0x0
                0x0000494c                __DTOR_LIST__ = .
 *crtbegin.o(.dtors)
 *(EXCLUDE_FILE(*crtend.o) .dtors)
 *(SORT(.dtors.*))
 *(.dtors)
                0x0000494c                __DTOR_END__ = .

.preinit_array  0x0000494c        0x0
                0x0000494c                PROVIDE (__preinit_array_start, .)
 *(.preinit_array*)
                0x0000494c                PROVIDE (__preinit_array_end, .)

.init_array     0x0000494c        0x4
                0x0000494c                PROVIDE (__init_array_start, .)
 *(SORT(.init_array.*))
 *(.init_array*)
 .init_array    0x0000494c        0x4 c:/freescale/kds_v3/toolchain/bin/../lib/gcc/arm-none-eabi/4.8.4/armv7e-m/fpu/crtbegin.o
                0x00004950                PROVIDE (__init_array_end, .)

.fini_array     0x00004950        0x4
                0x00004950                PROVIDE (__fini_array_start, .)
 *(SORT(.fini_array.*))
 *(.fini_array*)
 .fini_array    0x00004950        0x4 c:/freescale/kds_v3/toolchain/bin/../lib/gcc/arm-none-eabi/4.8.4/armv7e-m/fpu/crtbegin.o
                0x00004954                PROVIDE (__fini_array_end, .)
                0x00004954                ___ROM_AT = .

.data           0x1fff0000       0x68 load address 0x00004954
                0x1fff0000                . = ALIGN (0x4)
                0x1fff0000                _sdata = .
 *(.data)
 *(.data*)
 .data.__fdlib_version
                0x1fff0000        0x1 c:/freescale/kds_v3/toolchain/bin/../lib/gcc/arm-none-eabi/4.8.4/../../../../arm-none-eabi/lib/armv7e-m/fpu\libm.a(lib_a-s_lib_ver.o)
                0x1fff0000                __fdlib_version
 *fill*         0x1fff0001        0x3 
 .data.impure_data
                0x1fff0004       0x60 c:/freescale/kds_v3/toolchain/bin/../lib/gcc/arm-none-eabi/4.8.4/../../../../arm-none-eabi/lib/armv7e-m/fpu\libg_s.a(lib_a-impure.o)
 .data._impure_ptr
                0x1fff0064        0x4 c:/freescale/kds_v3/toolchain/bin/../lib/gcc/arm-none-eabi/4.8.4/../../../../arm-none-eabi/lib/armv7e-m/fpu\libg_s.a(lib_a-impure.o)
                0x1fff0064                _impure_ptr
                0x1fff0068                . = ALIGN (0x4)
                0x1fff0068                _edata = .
                0x00000068                ___data_size = (_edata - _sdata)
                0x000049bc                ___m_data_20000000_ROMStart = (___ROM_AT + SIZEOF (.data))

.jcr            0x1fff0068        0x0 load address 0x000049bc
 .jcr           0x1fff0068        0x0 c:/freescale/kds_v3/toolchain/bin/../lib/gcc/arm-none-eabi/4.8.4/armv7e-m/fpu/crtbegin.o

.igot.plt       0x1fff0068        0x0 load address 0x000049bc
 .igot.plt      0x00000000        0x0 c:/freescale/kds_v3/toolchain/bin/../lib/gcc/arm-none-eabi/4.8.4/armv7e-m/fpu/crtbegin.o

.m_data_20000000
                0x20000000        0x0 load address 0x000049bc
                0x20000000                . = ALIGN (0x4)
                0x20000000                ___m_data_20000000_RAMStart = .
 *(.m_data_20000000)
                0x20000000                ___m_data_20000000_RAMEnd = .
                0x20000000                . = ALIGN (0x4)
                0x00000000                ___m_data_20000000_ROMSize = (___m_data_20000000_RAMEnd - ___m_data_20000000_RAMStart)
                0x20000000                . = ALIGN (0x4)

.bss            0x1fff0068      0x30c load address 0x000049bc
                0x1fff0068                __START_BSS = .
                0x1fff0068                PROVIDE (__bss_start__, __START_BSS)
 *(.bss)
 .bss           0x1fff0068       0x1c c:/freescale/kds_v3/toolchain/bin/../lib/gcc/arm-none-eabi/4.8.4/armv7e-m/fpu/crtbegin.o
 *(.bss*)
 .bss.SR_lock   0x1fff0084        0x1 ./Static_Code/System/CPU_Init.o
                0x1fff0084                SR_lock
 *fill*         0x1fff0085        0x3 
 .bss.DeviceDataPrv__DEFAULT_RTOS_ALLOC
                0x1fff0088       0x20 ./Generated_Code/ASerialLdd1.o
 .bss.INT_UART1_RX_TX__DEFAULT_RTOS_ISRPARAM
                0x1fff00a8        0x4 ./Generated_Code/ASerialLdd1.o
 .bss.INT_UART1_ERR__DEFAULT_RTOS_ISRPARAM
                0x1fff00ac        0x4 ./Generated_Code/ASerialLdd1.o
 .bss.DeviceDataPrv__DEFAULT_RTOS_ALLOC
                0x1fff00b0        0x4 ./Generated_Code/BitIoLdd1.o
 .bss.DeviceDataPrv__DEFAULT_RTOS_ALLOC
                0x1fff00b4        0x4 ./Generated_Code/BitIoLdd10.o
 .bss.DeviceDataPrv__DEFAULT_RTOS_ALLOC
                0x1fff00b8        0x4 ./Generated_Code/BitIoLdd11.o
 .bss.DeviceDataPrv__DEFAULT_RTOS_ALLOC
                0x1fff00bc        0x4 ./Generated_Code/BitIoLdd12.o
 .bss.DeviceDataPrv__DEFAULT_RTOS_ALLOC
                0x1fff00c0        0x4 ./Generated_Code/BitIoLdd2.o
 .bss.DeviceDataPrv__DEFAULT_RTOS_ALLOC
                0x1fff00c4        0x4 ./Generated_Code/BitIoLdd3.o
 .bss.DeviceDataPrv__DEFAULT_RTOS_ALLOC
                0x1fff00c8        0x4 ./Generated_Code/BitIoLdd4.o
 .bss.DeviceDataPrv__DEFAULT_RTOS_ALLOC
                0x1fff00cc        0x4 ./Generated_Code/BitIoLdd5.o
 .bss.DeviceDataPrv__DEFAULT_RTOS_ALLOC
                0x1fff00d0        0x4 ./Generated_Code/BitIoLdd6.o
 .bss.DeviceDataPrv__DEFAULT_RTOS_ALLOC
                0x1fff00d4        0x4 ./Generated_Code/BitIoLdd7.o
 .bss.DeviceDataPrv__DEFAULT_RTOS_ALLOC
                0x1fff00d8        0x4 ./Generated_Code/BitIoLdd8.o
 .bss.DeviceDataPrv__DEFAULT_RTOS_ALLOC
                0x1fff00dc        0x4 ./Generated_Code/BitIoLdd9.o
 .bss.SerFlag   0x1fff00e0        0x2 ./Generated_Code/Inhr1.o
 .bss.Inhr1_InpLen
                0x1fff00e2        0x2 ./Generated_Code/Inhr1.o
 .bss.InpIndexR
                0x1fff00e4        0x2 ./Generated_Code/Inhr1.o
 .bss.InpIndexW
                0x1fff00e6        0x2 ./Generated_Code/Inhr1.o
 .bss.InpBuffer
                0x1fff00e8      0x100 ./Generated_Code/Inhr1.o
 .bss.BufferRead
                0x1fff01e8        0x1 ./Generated_Code/Inhr1.o
 *fill*         0x1fff01e9        0x1 
 .bss.Inhr1_OutLen
                0x1fff01ea        0x2 ./Generated_Code/Inhr1.o
 .bss.OutIndexR
                0x1fff01ec        0x2 ./Generated_Code/Inhr1.o
 .bss.OutIndexW
                0x1fff01ee        0x2 ./Generated_Code/Inhr1.o
 .bss.OutBuffer
                0x1fff01f0      0x100 ./Generated_Code/Inhr1.o
 .bss.PE_LDD_DeviceDataList
                0x1fff02f0       0x44 ./Generated_Code/PE_LDD.o
                0x1fff02f0                PE_LDD_DeviceDataList
 .bss.DeviceDataPrv__DEFAULT_RTOS_ALLOC
                0x1fff0334        0xc ./Generated_Code/PwmLdd1.o
 .bss.DeviceDataPrv__DEFAULT_RTOS_ALLOC
                0x1fff0340       0x14 ./Generated_Code/RealTimeLdd1.o
 .bss.DeviceDataPrv__DEFAULT_RTOS_ALLOC
                0x1fff0354        0x8 ./Generated_Code/TU1.o
 .bss.DeviceDataPrv__DEFAULT_RTOS_ALLOC
                0x1fff035c        0xc ./Generated_Code/TU2.o
 .bss.INT_FTM0__DEFAULT_RTOS_ISRPARAM
                0x1fff0368        0x4 ./Generated_Code/TU2.o
 *(COMMON)
 COMMON         0x1fff036c        0x1 ./Static_Code/System/CPU_Init.o
                0x1fff036c                SR_reg
 COMMON         0x1fff036d        0x1 ./Sources/main.o
                0x1fff036d                c
 *fill*         0x1fff036e        0x2 
 COMMON         0x1fff0370        0x4 ./Generated_Code/Inhr1.o
                0x1fff0370                ASerialLdd1_DeviceDataPtr
                0x1fff0374                . = ALIGN (0x4)
                0x1fff0374                __END_BSS = .
                0x1fff0374                PROVIDE (__bss_end__, __END_BSS)
                0x000049bc                _romp_at = ((___ROM_AT + SIZEOF (.data)) + SIZEOF (.m_data_20000000))

.romp           0x1fff0374       0x24 load address 0x000049bc
                0x000049bc                __S_romp = _romp_at
                0x1fff0374        0x4 LONG 0x4954 ___ROM_AT
                0x1fff0378        0x4 LONG 0x1fff0000 _sdata
                0x1fff037c        0x4 LONG 0x68 ___data_size
                0x1fff0380        0x4 LONG 0x49bc ___m_data_20000000_ROMStart
                0x1fff0384        0x4 LONG 0x20000000 ___m_data_20000000_RAMStart
                0x1fff0388        0x4 LONG 0x0 ___m_data_20000000_ROMSize
                0x1fff038c        0x4 LONG 0x0
                0x1fff0390        0x4 LONG 0x0
                0x1fff0394        0x4 LONG 0x0
                0x00080000                text_end = (ORIGIN (m_text) + 0x7fbf0)
                0x000049e0                data_init_end = ((___m_data_20000000_ROMStart + SIZEOF (.m_data_20000000)) + SIZEOF (.romp))
                0x00000001                ASSERT ((data_init_end <= text_end), region m_text overflowed with text and data)

._user_heap_stack
                0x1fff0398      0x400 load address 0x000049e0
                0x1fff0398                . = ALIGN (0x4)
                0x1fff0398                PROVIDE (end, .)
                0x1fff0398                PROVIDE (_end, .)
                0x1fff0398                PROVIDE (__end__, .)
                0x1fff0398                __heap_addr = .
                0x1fff0398                __HeapBase = .
                0x1fff0398                . = (. + __heap_size)
                0x1fff0398                __HeapLimit = .
                0x1fff0798                . = (. + __stack_size)
 *fill*         0x1fff0398      0x400 
                0x1fff0798                . = ALIGN (0x4)

.ARM.attributes
                0x00000000       0x30
 *(.ARM.attributes)
 .ARM.attributes
                0x00000000       0x22 c:/freescale/kds_v3/toolchain/bin/../lib/gcc/arm-none-eabi/4.8.4/armv7e-m/fpu/crti.o
 .ARM.attributes
                0x00000022       0x34 c:/freescale/kds_v3/toolchain/bin/../lib/gcc/arm-none-eabi/4.8.4/armv7e-m/fpu/crtbegin.o
 .ARM.attributes
                0x00000056       0x20 c:/freescale/kds_v3/toolchain/bin/../lib/gcc/arm-none-eabi/4.8.4/../../../../arm-none-eabi/lib/armv7e-m/fpu/crt0.o
 .ARM.attributes
                0x00000076       0x39 ./Static_Code/System/CPU_Init.o
 .ARM.attributes
                0x000000af       0x39 ./Static_Code/System/Vectors.o
 .ARM.attributes
                0x000000e8       0x39 ./Sources/Drawshapes.o
 .ARM.attributes
                0x00000121       0x39 ./Sources/Events.o
 .ARM.attributes
                0x0000015a       0x39 ./Sources/GUI.o
 .ARM.attributes
                0x00000193       0x39 ./Sources/Motors.o
 .ARM.attributes
                0x000001cc       0x39 ./Sources/main.o
 .ARM.attributes
                0x00000205       0x39 ./Project_Settings/Startup_Code/startup.o
 .ARM.attributes
                0x0000023e       0x39 ./Generated_Code/ASerialLdd1.o
 .ARM.attributes
                0x00000277       0x39 ./Generated_Code/BitIoLdd1.o
 .ARM.attributes
                0x000002b0       0x39 ./Generated_Code/BitIoLdd10.o
 .ARM.attributes
                0x000002e9       0x39 ./Generated_Code/BitIoLdd11.o
 .ARM.attributes
                0x00000322       0x39 ./Generated_Code/BitIoLdd12.o
 .ARM.attributes
                0x0000035b       0x39 ./Generated_Code/BitIoLdd2.o
 .ARM.attributes
                0x00000394       0x39 ./Generated_Code/BitIoLdd3.o
 .ARM.attributes
                0x000003cd       0x39 ./Generated_Code/BitIoLdd4.o
 .ARM.attributes
                0x00000406       0x39 ./Generated_Code/BitIoLdd5.o
 .ARM.attributes
                0x0000043f       0x39 ./Generated_Code/BitIoLdd6.o
 .ARM.attributes
                0x00000478       0x39 ./Generated_Code/BitIoLdd7.o
 .ARM.attributes
                0x000004b1       0x39 ./Generated_Code/BitIoLdd8.o
 .ARM.attributes
                0x000004ea       0x39 ./Generated_Code/BitIoLdd9.o
 .ARM.attributes
                0x00000523       0x39 ./Generated_Code/Cpu.o
 .ARM.attributes
                0x0000055c       0x39 ./Generated_Code/Inhr1.o
 .ARM.attributes
                0x00000595       0x39 ./Generated_Code/PE_LDD.o
 .ARM.attributes
                0x000005ce       0x39 ./Generated_Code/PwmLdd1.o
 .ARM.attributes
                0x00000607       0x39 ./Generated_Code/RealTimeLdd1.o
 .ARM.attributes
                0x00000640       0x39 ./Generated_Code/TU1.o
 .ARM.attributes
                0x00000679       0x39 ./Generated_Code/TU2.o
 .ARM.attributes
                0x000006b2       0x39 ./Generated_Code/Term1.o
 .ARM.attributes
                0x000006eb       0x34 c:/freescale/kds_v3/toolchain/bin/../lib/gcc/arm-none-eabi/4.8.4/../../../../arm-none-eabi/lib/armv7e-m/fpu\libm.a(lib_a-w_sqrt.o)
 .ARM.attributes
                0x0000071f       0x34 c:/freescale/kds_v3/toolchain/bin/../lib/gcc/arm-none-eabi/4.8.4/../../../../arm-none-eabi/lib/armv7e-m/fpu\libm.a(lib_a-e_sqrt.o)
 .ARM.attributes
                0x00000753       0x34 c:/freescale/kds_v3/toolchain/bin/../lib/gcc/arm-none-eabi/4.8.4/../../../../arm-none-eabi/lib/armv7e-m/fpu\libm.a(lib_a-s_fpclassify.o)
 .ARM.attributes
                0x00000787       0x34 c:/freescale/kds_v3/toolchain/bin/../lib/gcc/arm-none-eabi/4.8.4/../../../../arm-none-eabi/lib/armv7e-m/fpu\libm.a(lib_a-s_lib_ver.o)
 .ARM.attributes
                0x000007bb       0x34 c:/freescale/kds_v3/toolchain/bin/../lib/gcc/arm-none-eabi/4.8.4/../../../../arm-none-eabi/lib/armv7e-m/fpu\libm.a(lib_a-s_matherr.o)
 .ARM.attributes
                0x000007ef       0x22 c:/freescale/kds_v3/toolchain/bin/../lib/gcc/arm-none-eabi/4.8.4/armv7e-m/fpu\libgcc.a(_arm_addsubdf3.o)
 .ARM.attributes
                0x00000811       0x22 c:/freescale/kds_v3/toolchain/bin/../lib/gcc/arm-none-eabi/4.8.4/armv7e-m/fpu\libgcc.a(_arm_muldivdf3.o)
 .ARM.attributes
                0x00000833       0x22 c:/freescale/kds_v3/toolchain/bin/../lib/gcc/arm-none-eabi/4.8.4/armv7e-m/fpu\libgcc.a(_arm_cmpdf2.o)
 .ARM.attributes
                0x00000855       0x22 c:/freescale/kds_v3/toolchain/bin/../lib/gcc/arm-none-eabi/4.8.4/armv7e-m/fpu\libgcc.a(_arm_fixdfsi.o)
 .ARM.attributes
                0x00000877       0x34 c:/freescale/kds_v3/toolchain/bin/../lib/gcc/arm-none-eabi/4.8.4/../../../../arm-none-eabi/lib/armv7e-m/fpu\libg_s.a(lib_a-errno.o)
 .ARM.attributes
                0x000008ab       0x34 c:/freescale/kds_v3/toolchain/bin/../lib/gcc/arm-none-eabi/4.8.4/../../../../arm-none-eabi/lib/armv7e-m/fpu\libg_s.a(lib_a-exit.o)
 .ARM.attributes
                0x000008df       0x34 c:/freescale/kds_v3/toolchain/bin/../lib/gcc/arm-none-eabi/4.8.4/../../../../arm-none-eabi/lib/armv7e-m/fpu\libg_s.a(lib_a-impure.o)
 .ARM.attributes
                0x00000913       0x34 c:/freescale/kds_v3/toolchain/bin/../lib/gcc/arm-none-eabi/4.8.4/../../../../arm-none-eabi/lib/armv7e-m/fpu\libg_s.a(lib_a-init.o)
 .ARM.attributes
                0x00000947       0x34 c:/freescale/kds_v3/toolchain/bin/../lib/gcc/arm-none-eabi/4.8.4/../../../../arm-none-eabi/lib/armv7e-m/fpu\libg_s.a(lib_a-memset.o)
 .ARM.attributes
                0x0000097b       0x34 c:/freescale/kds_v3/toolchain/bin/../lib/gcc/arm-none-eabi/4.8.4/../../../../arm-none-eabi/lib/armv7e-m/fpu\libnosys.a(_exit.o)
 .ARM.attributes
                0x000009af       0x22 c:/freescale/kds_v3/toolchain/bin/../lib/gcc/arm-none-eabi/4.8.4/armv7e-m/fpu/crtn.o
OUTPUT(Assessment_2_YangYang_Li.elf elf32-littlearm)

.debug_info     0x00000000     0x8648
 .debug_info    0x00000000      0xab8 ./Static_Code/System/CPU_Init.o
 .debug_info    0x00000ab8      0x826 ./Static_Code/System/Vectors.o
 .debug_info    0x000012de      0x2ec ./Sources/Drawshapes.o
 .debug_info    0x000015ca       0xb5 ./Sources/Events.o
 .debug_info    0x0000167f      0x1f6 ./Sources/GUI.o
 .debug_info    0x00001875      0x2e5 ./Sources/Motors.o
 .debug_info    0x00001b5a      0x106 ./Sources/main.o
 .debug_info    0x00001c60      0x3b0 ./Project_Settings/Startup_Code/startup.o
 .debug_info    0x00002010      0xa74 ./Generated_Code/ASerialLdd1.o
 .debug_info    0x00002a84      0x529 ./Generated_Code/BitIoLdd1.o
 .debug_info    0x00002fad      0x539 ./Generated_Code/BitIoLdd10.o
 .debug_info    0x000034e6      0x539 ./Generated_Code/BitIoLdd11.o
 .debug_info    0x00003a1f      0x539 ./Generated_Code/BitIoLdd12.o
 .debug_info    0x00003f58      0x503 ./Generated_Code/BitIoLdd2.o
 .debug_info    0x0000445b      0x529 ./Generated_Code/BitIoLdd3.o
 .debug_info    0x00004984      0x503 ./Generated_Code/BitIoLdd4.o
 .debug_info    0x00004e87      0x529 ./Generated_Code/BitIoLdd5.o
 .debug_info    0x000053b0      0x503 ./Generated_Code/BitIoLdd6.o
 .debug_info    0x000058b3      0x539 ./Generated_Code/BitIoLdd7.o
 .debug_info    0x00005dec      0x539 ./Generated_Code/BitIoLdd8.o
 .debug_info    0x00006325      0x539 ./Generated_Code/BitIoLdd9.o
 .debug_info    0x0000685e       0xa7 ./Generated_Code/Cpu.o
 .debug_info    0x00006905      0x367 ./Generated_Code/Inhr1.o
 .debug_info    0x00006c6c      0x251 ./Generated_Code/PE_LDD.o
 .debug_info    0x00006ebd      0x333 ./Generated_Code/PwmLdd1.o
 .debug_info    0x000071f0      0x36e ./Generated_Code/RealTimeLdd1.o
 .debug_info    0x0000755e      0x762 ./Generated_Code/TU1.o
 .debug_info    0x00007cc0      0x682 ./Generated_Code/TU2.o
 .debug_info    0x00008342      0x306 ./Generated_Code/Term1.o

.debug_abbrev   0x00000000     0x25aa
 .debug_abbrev  0x00000000      0x1bf ./Static_Code/System/CPU_Init.o
 .debug_abbrev  0x000001bf       0xd8 ./Static_Code/System/Vectors.o
 .debug_abbrev  0x00000297      0x110 ./Sources/Drawshapes.o
 .debug_abbrev  0x000003a7       0x75 ./Sources/Events.o
 .debug_abbrev  0x0000041c       0x9c ./Sources/GUI.o
 .debug_abbrev  0x000004b8      0x15a ./Sources/Motors.o
 .debug_abbrev  0x00000612       0xa3 ./Sources/main.o
 .debug_abbrev  0x000006b5      0x189 ./Project_Settings/Startup_Code/startup.o
 .debug_abbrev  0x0000083e      0x1e8 ./Generated_Code/ASerialLdd1.o
 .debug_abbrev  0x00000a26      0x186 ./Generated_Code/BitIoLdd1.o
 .debug_abbrev  0x00000bac      0x186 ./Generated_Code/BitIoLdd10.o
 .debug_abbrev  0x00000d32      0x186 ./Generated_Code/BitIoLdd11.o
 .debug_abbrev  0x00000eb8      0x186 ./Generated_Code/BitIoLdd12.o
 .debug_abbrev  0x0000103e      0x15d ./Generated_Code/BitIoLdd2.o
 .debug_abbrev  0x0000119b      0x186 ./Generated_Code/BitIoLdd3.o
 .debug_abbrev  0x00001321      0x15d ./Generated_Code/BitIoLdd4.o
 .debug_abbrev  0x0000147e      0x186 ./Generated_Code/BitIoLdd5.o
 .debug_abbrev  0x00001604      0x15d ./Generated_Code/BitIoLdd6.o
 .debug_abbrev  0x00001761      0x186 ./Generated_Code/BitIoLdd7.o
 .debug_abbrev  0x000018e7      0x186 ./Generated_Code/BitIoLdd8.o
 .debug_abbrev  0x00001a6d      0x186 ./Generated_Code/BitIoLdd9.o
 .debug_abbrev  0x00001bf3       0x45 ./Generated_Code/Cpu.o
 .debug_abbrev  0x00001c38      0x18f ./Generated_Code/Inhr1.o
 .debug_abbrev  0x00001dc7      0x10d ./Generated_Code/PE_LDD.o
 .debug_abbrev  0x00001ed4      0x122 ./Generated_Code/PwmLdd1.o
 .debug_abbrev  0x00001ff6      0x150 ./Generated_Code/RealTimeLdd1.o
 .debug_abbrev  0x00002146      0x198 ./Generated_Code/TU1.o
 .debug_abbrev  0x000022de      0x16a ./Generated_Code/TU2.o
 .debug_abbrev  0x00002448      0x162 ./Generated_Code/Term1.o

.debug_aranges  0x00000000      0xb08
 .debug_aranges
                0x00000000       0x40 ./Static_Code/System/CPU_Init.o
 .debug_aranges
                0x00000040      0x340 ./Static_Code/System/Vectors.o
 .debug_aranges
                0x00000380       0x38 ./Sources/Drawshapes.o
 .debug_aranges
                0x000003b8       0x28 ./Sources/Events.o
 .debug_aranges
                0x000003e0       0x80 ./Sources/GUI.o
 .debug_aranges
                0x00000460       0x70 ./Sources/Motors.o
 .debug_aranges
                0x000004d0       0x20 ./Sources/main.o
 .debug_aranges
                0x000004f0       0x50 ./Project_Settings/Startup_Code/startup.o
 .debug_aranges
                0x00000540       0x50 ./Generated_Code/ASerialLdd1.o
 .debug_aranges
                0x00000590       0x48 ./Generated_Code/BitIoLdd1.o
 .debug_aranges
                0x000005d8       0x48 ./Generated_Code/BitIoLdd10.o
 .debug_aranges
                0x00000620       0x48 ./Generated_Code/BitIoLdd11.o
 .debug_aranges
                0x00000668       0x48 ./Generated_Code/BitIoLdd12.o
 .debug_aranges
                0x000006b0       0x40 ./Generated_Code/BitIoLdd2.o
 .debug_aranges
                0x000006f0       0x48 ./Generated_Code/BitIoLdd3.o
 .debug_aranges
                0x00000738       0x40 ./Generated_Code/BitIoLdd4.o
 .debug_aranges
                0x00000778       0x48 ./Generated_Code/BitIoLdd5.o
 .debug_aranges
                0x000007c0       0x40 ./Generated_Code/BitIoLdd6.o
 .debug_aranges
                0x00000800       0x48 ./Generated_Code/BitIoLdd7.o
 .debug_aranges
                0x00000848       0x48 ./Generated_Code/BitIoLdd8.o
 .debug_aranges
                0x00000890       0x48 ./Generated_Code/BitIoLdd9.o
 .debug_aranges
                0x000008d8       0x28 ./Generated_Code/Cpu.o
 .debug_aranges
                0x00000900       0x60 ./Generated_Code/Inhr1.o
 .debug_aranges
                0x00000960       0x30 ./Generated_Code/PE_LDD.o
 .debug_aranges
                0x00000990       0x48 ./Generated_Code/PwmLdd1.o
 .debug_aranges
                0x000009d8       0x40 ./Generated_Code/RealTimeLdd1.o
 .debug_aranges
                0x00000a18       0x48 ./Generated_Code/TU1.o
 .debug_aranges
                0x00000a60       0x30 ./Generated_Code/TU2.o
 .debug_aranges
                0x00000a90       0x78 ./Generated_Code/Term1.o

.debug_ranges   0x00000000      0x938
 .debug_ranges  0x00000000       0x30 ./Static_Code/System/CPU_Init.o
 .debug_ranges  0x00000030      0x330 ./Static_Code/System/Vectors.o
 .debug_ranges  0x00000360       0x28 ./Sources/Drawshapes.o
 .debug_ranges  0x00000388       0x18 ./Sources/Events.o
 .debug_ranges  0x000003a0       0x70 ./Sources/GUI.o
 .debug_ranges  0x00000410       0x60 ./Sources/Motors.o
 .debug_ranges  0x00000470       0x10 ./Sources/main.o
 .debug_ranges  0x00000480       0x40 ./Project_Settings/Startup_Code/startup.o
 .debug_ranges  0x000004c0       0x40 ./Generated_Code/ASerialLdd1.o
 .debug_ranges  0x00000500       0x38 ./Generated_Code/BitIoLdd1.o
 .debug_ranges  0x00000538       0x38 ./Generated_Code/BitIoLdd10.o
 .debug_ranges  0x00000570       0x38 ./Generated_Code/BitIoLdd11.o
 .debug_ranges  0x000005a8       0x38 ./Generated_Code/BitIoLdd12.o
 .debug_ranges  0x000005e0       0x30 ./Generated_Code/BitIoLdd2.o
 .debug_ranges  0x00000610       0x38 ./Generated_Code/BitIoLdd3.o
 .debug_ranges  0x00000648       0x30 ./Generated_Code/BitIoLdd4.o
 .debug_ranges  0x00000678       0x38 ./Generated_Code/BitIoLdd5.o
 .debug_ranges  0x000006b0       0x30 ./Generated_Code/BitIoLdd6.o
 .debug_ranges  0x000006e0       0x38 ./Generated_Code/BitIoLdd7.o
 .debug_ranges  0x00000718       0x38 ./Generated_Code/BitIoLdd8.o
 .debug_ranges  0x00000750       0x38 ./Generated_Code/BitIoLdd9.o
 .debug_ranges  0x00000788       0x18 ./Generated_Code/Cpu.o
 .debug_ranges  0x000007a0       0x50 ./Generated_Code/Inhr1.o
 .debug_ranges  0x000007f0       0x20 ./Generated_Code/PE_LDD.o
 .debug_ranges  0x00000810       0x38 ./Generated_Code/PwmLdd1.o
 .debug_ranges  0x00000848       0x30 ./Generated_Code/RealTimeLdd1.o
 .debug_ranges  0x00000878       0x38 ./Generated_Code/TU1.o
 .debug_ranges  0x000008b0       0x20 ./Generated_Code/TU2.o
 .debug_ranges  0x000008d0       0x68 ./Generated_Code/Term1.o

.debug_macro    0x00000000    0x27671
 .debug_macro   0x00000000      0x374 ./Static_Code/System/CPU_Init.o
 .debug_macro   0x00000374      0x850 ./Static_Code/System/CPU_Init.o
 .debug_macro   0x00000bc4       0x16 ./Static_Code/System/CPU_Init.o
 .debug_macro   0x00000bda       0x44 ./Static_Code/System/CPU_Init.o
 .debug_macro   0x00000c1e      0x209 ./Static_Code/System/CPU_Init.o
 .debug_macro   0x00000e27     0x17e5 ./Static_Code/System/CPU_Init.o
 .debug_macro   0x0000260c     0xbca7 ./Static_Code/System/CPU_Init.o
 .debug_macro   0x0000e2b3      0x4c6 ./Static_Code/System/CPU_Init.o
 .debug_macro   0x0000e779      0x14e ./Static_Code/System/CPU_Init.o
 .debug_macro   0x0000e8c7       0x6a ./Static_Code/System/CPU_Init.o
 .debug_macro   0x0000e931       0x58 ./Static_Code/System/CPU_Init.o
 .debug_macro   0x0000e989       0x35 ./Static_Code/System/CPU_Init.o
 .debug_macro   0x0000e9be       0xa3 ./Static_Code/System/CPU_Init.o
 .debug_macro   0x0000ea61       0x16 ./Static_Code/System/CPU_Init.o
 .debug_macro   0x0000ea77       0x94 ./Static_Code/System/CPU_Init.o
 .debug_macro   0x0000eb0b      0x12c ./Static_Code/System/CPU_Init.o
 .debug_macro   0x0000ec37       0x46 ./Static_Code/System/CPU_Init.o
 .debug_macro   0x0000ec7d       0x26 ./Static_Code/System/CPU_Init.o
 .debug_macro   0x0000eca3       0x46 ./Static_Code/System/CPU_Init.o
 .debug_macro   0x0000ece9       0x1f ./Static_Code/System/CPU_Init.o
 .debug_macro   0x0000ed08       0x4c ./Static_Code/System/CPU_Init.o
 .debug_macro   0x0000ed54       0x26 ./Static_Code/System/CPU_Init.o
 .debug_macro   0x0000ed7a       0x46 ./Static_Code/System/CPU_Init.o
 .debug_macro   0x0000edc0       0x1f ./Static_Code/System/CPU_Init.o
 .debug_macro   0x0000eddf       0x4c ./Static_Code/System/CPU_Init.o
 .debug_macro   0x0000ee2b       0x26 ./Static_Code/System/CPU_Init.o
 .debug_macro   0x0000ee51       0x46 ./Static_Code/System/CPU_Init.o
 .debug_macro   0x0000ee97       0x1f ./Static_Code/System/CPU_Init.o
 .debug_macro   0x0000eeb6       0x4c ./Static_Code/System/CPU_Init.o
 .debug_macro   0x0000ef02       0x26 ./Static_Code/System/CPU_Init.o
 .debug_macro   0x0000ef28       0x4c ./Static_Code/System/CPU_Init.o
 .debug_macro   0x0000ef74       0x26 ./Static_Code/System/CPU_Init.o
 .debug_macro   0x0000ef9a       0x4c ./Static_Code/System/CPU_Init.o
 .debug_macro   0x0000efe6       0x26 ./Static_Code/System/CPU_Init.o
 .debug_macro   0x0000f00c       0x4c ./Static_Code/System/CPU_Init.o
 .debug_macro   0x0000f058       0x26 ./Static_Code/System/CPU_Init.o
 .debug_macro   0x0000f07e       0x4c ./Static_Code/System/CPU_Init.o
 .debug_macro   0x0000f0ca       0x26 ./Static_Code/System/CPU_Init.o
 .debug_macro   0x0000f0f0       0x4c ./Static_Code/System/CPU_Init.o
 .debug_macro   0x0000f13c       0x26 ./Static_Code/System/CPU_Init.o
 .debug_macro   0x0000f162      0x6a6 ./Static_Code/System/CPU_Init.o
 .debug_macro   0x0000f808       0x74 ./Static_Code/System/CPU_Init.o
 .debug_macro   0x0000f87c       0x3e ./Static_Code/System/CPU_Init.o
 .debug_macro   0x0000f8ba       0x2c ./Static_Code/System/CPU_Init.o
 .debug_macro   0x0000f8e6       0x58 ./Static_Code/System/CPU_Init.o
 .debug_macro   0x0000f93e       0x28 ./Static_Code/System/CPU_Init.o
 .debug_macro   0x0000f966       0x18 ./Static_Code/System/CPU_Init.o
 .debug_macro   0x0000f97e       0x3a ./Static_Code/System/CPU_Init.o
 .debug_macro   0x0000f9b8       0x65 ./Static_Code/System/CPU_Init.o
 .debug_macro   0x0000fa1d       0x1f ./Static_Code/System/CPU_Init.o
 .debug_macro   0x0000fa3c      0x2b3 ./Static_Code/System/CPU_Init.o
 .debug_macro   0x0000fcef      0x362 ./Static_Code/System/Vectors.o
 .debug_macro   0x00010051      0x53a ./Sources/Drawshapes.o
 .debug_macro   0x0001058b      0x61c ./Sources/Drawshapes.o
 .debug_macro   0x00010ba7      0x328 ./Sources/Drawshapes.o
 .debug_macro   0x00010ecf      0x109 ./Sources/Drawshapes.o
 .debug_macro   0x00010fd8      0x17f ./Sources/Drawshapes.o
 .debug_macro   0x00011157      0x202 ./Sources/Drawshapes.o
 .debug_macro   0x00011359      0x91e ./Sources/Drawshapes.o
 .debug_macro   0x00011c77       0x9e ./Sources/Drawshapes.o
 .debug_macro   0x00011d15      0x1f9 ./Sources/Drawshapes.o
 .debug_macro   0x00011f0e      0x39c ./Sources/Drawshapes.o
 .debug_macro   0x000122aa      0x29c ./Sources/Drawshapes.o
 .debug_macro   0x00012546      0x264 ./Sources/Drawshapes.o
 .debug_macro   0x000127aa      0x25b ./Sources/Drawshapes.o
 .debug_macro   0x00012a05      0x399 ./Sources/Drawshapes.o
 .debug_macro   0x00012d9e      0x4f1 ./Sources/Drawshapes.o
 .debug_macro   0x0001328f      0x13f ./Sources/Drawshapes.o
 .debug_macro   0x000133ce       0x6c ./Sources/Drawshapes.o
 .debug_macro   0x0001343a      0x30d ./Sources/Drawshapes.o
 .debug_macro   0x00013747       0xbb ./Sources/Drawshapes.o
 .debug_macro   0x00013802       0xe9 ./Sources/Drawshapes.o
 .debug_macro   0x000138eb      0x4ea ./Sources/Drawshapes.o
 .debug_macro   0x00013dd5      0x18f ./Sources/Drawshapes.o
 .debug_macro   0x00013f64       0xea ./Sources/Drawshapes.o
 .debug_macro   0x0001404e      0x344 ./Sources/Drawshapes.o
 .debug_macro   0x00014392      0x824 ./Sources/Drawshapes.o
 .debug_macro   0x00014bb6      0x179 ./Sources/Drawshapes.o
 .debug_macro   0x00014d2f      0x9e2 ./Sources/Drawshapes.o
 .debug_macro   0x00015711      0x129 ./Sources/Drawshapes.o
 .debug_macro   0x0001583a      0x648 ./Sources/Drawshapes.o
 .debug_macro   0x00015e82       0x81 ./Sources/Drawshapes.o
 .debug_macro   0x00015f03      0x7bf ./Sources/Drawshapes.o
 .debug_macro   0x000166c2      0x66f ./Sources/Drawshapes.o
 .debug_macro   0x00016d31       0x7b ./Sources/Drawshapes.o
 .debug_macro   0x00016dac      0x182 ./Sources/Drawshapes.o
 .debug_macro   0x00016f2e       0x22 ./Sources/Drawshapes.o
 .debug_macro   0x00016f50       0x1c ./Sources/Drawshapes.o
 .debug_macro   0x00016f6c       0x97 ./Sources/Drawshapes.o
 .debug_macro   0x00017003       0x10 ./Sources/Drawshapes.o
 .debug_macro   0x00017013       0xef ./Sources/Drawshapes.o
 .debug_macro   0x00017102       0x52 ./Sources/Drawshapes.o
 .debug_macro   0x00017154       0x16 ./Sources/Drawshapes.o
 .debug_macro   0x0001716a       0x43 ./Sources/Drawshapes.o
 .debug_macro   0x000171ad      0x180 ./Sources/Drawshapes.o
 .debug_macro   0x0001732d       0x10 ./Sources/Drawshapes.o
 .debug_macro   0x0001733d       0x22 ./Sources/Drawshapes.o
 .debug_macro   0x0001735f       0xbd ./Sources/Drawshapes.o
 .debug_macro   0x0001741c       0x16 ./Sources/Drawshapes.o
 .debug_macro   0x00017432      0x14a ./Sources/Drawshapes.o
 .debug_macro   0x0001757c      0x2a6 ./Sources/Drawshapes.o
 .debug_macro   0x00017822       0x10 ./Sources/Drawshapes.o
 .debug_macro   0x00017832       0x35 ./Sources/Drawshapes.o
 .debug_macro   0x00017867       0xde ./Sources/Drawshapes.o
 .debug_macro   0x00017945      0x513 ./Sources/Events.o
 .debug_macro   0x00017e58      0x527 ./Sources/GUI.o
 .debug_macro   0x0001837f      0x527 ./Sources/Motors.o
 .debug_macro   0x000188a6      0x531 ./Sources/main.o
 .debug_macro   0x00018dd7      0x121 ./Project_Settings/Startup_Code/startup.o
 .debug_macro   0x00018ef8      0x166 ./Project_Settings/Startup_Code/startup.o
 .debug_macro   0x0001905e       0x4a ./Project_Settings/Startup_Code/startup.o
 .debug_macro   0x000190a8       0x16 ./Project_Settings/Startup_Code/startup.o
 .debug_macro   0x000190be       0x22 ./Project_Settings/Startup_Code/startup.o
 .debug_macro   0x000190e0       0x10 ./Project_Settings/Startup_Code/startup.o
 .debug_macro   0x000190f0      0x20f ./Project_Settings/Startup_Code/startup.o
 .debug_macro   0x000192ff     0xbc9b ./Project_Settings/Startup_Code/startup.o
 .debug_macro   0x00024f9a      0x113 ./Generated_Code/ASerialLdd1.o
 .debug_macro   0x000250ad       0x5f ./Generated_Code/ASerialLdd1.o
 .debug_macro   0x0002510c       0x25 ./Generated_Code/ASerialLdd1.o
 .debug_macro   0x00025131      0x7b9 ./Generated_Code/ASerialLdd1.o
 .debug_macro   0x000258ea       0xfa ./Generated_Code/BitIoLdd1.o
 .debug_macro   0x000259e4       0xfa ./Generated_Code/BitIoLdd10.o
 .debug_macro   0x00025ade       0x46 ./Generated_Code/BitIoLdd10.o
 .debug_macro   0x00025b24       0xfa ./Generated_Code/BitIoLdd11.o
 .debug_macro   0x00025c1e       0x46 ./Generated_Code/BitIoLdd11.o
 .debug_macro   0x00025c64       0xfa ./Generated_Code/BitIoLdd12.o
 .debug_macro   0x00025d5e       0x46 ./Generated_Code/BitIoLdd12.o
 .debug_macro   0x00025da4       0xfa ./Generated_Code/BitIoLdd2.o
 .debug_macro   0x00025e9e       0x40 ./Generated_Code/BitIoLdd2.o
 .debug_macro   0x00025ede       0xfa ./Generated_Code/BitIoLdd3.o
 .debug_macro   0x00025fd8       0x46 ./Generated_Code/BitIoLdd3.o
 .debug_macro   0x0002601e       0xfa ./Generated_Code/BitIoLdd4.o
 .debug_macro   0x00026118       0x40 ./Generated_Code/BitIoLdd4.o
 .debug_macro   0x00026158       0xfa ./Generated_Code/BitIoLdd5.o
 .debug_macro   0x00026252       0x46 ./Generated_Code/BitIoLdd5.o
 .debug_macro   0x00026298       0xfa ./Generated_Code/BitIoLdd6.o
 .debug_macro   0x00026392       0x40 ./Generated_Code/BitIoLdd6.o
 .debug_macro   0x000263d2       0xfa ./Generated_Code/BitIoLdd7.o
 .debug_macro   0x000264cc       0x46 ./Generated_Code/BitIoLdd7.o
 .debug_macro   0x00026512       0xfa ./Generated_Code/BitIoLdd8.o
 .debug_macro   0x0002660c       0x46 ./Generated_Code/BitIoLdd8.o
 .debug_macro   0x00026652       0xfa ./Generated_Code/BitIoLdd9.o
 .debug_macro   0x0002674c       0x46 ./Generated_Code/BitIoLdd9.o
 .debug_macro   0x00026792      0x327 ./Generated_Code/Cpu.o
 .debug_macro   0x00026ab9      0x395 ./Generated_Code/Inhr1.o
 .debug_macro   0x00026e4e      0x2ba ./Generated_Code/PE_LDD.o
 .debug_macro   0x00027108      0x10f ./Generated_Code/PwmLdd1.o
 .debug_macro   0x00027217      0x109 ./Generated_Code/RealTimeLdd1.o
 .debug_macro   0x00027320      0x108 ./Generated_Code/TU1.o
 .debug_macro   0x00027428      0x10f ./Generated_Code/TU2.o
 .debug_macro   0x00027537      0x106 ./Generated_Code/Term1.o
 .debug_macro   0x0002763d       0x34 ./Generated_Code/Term1.o

.debug_line     0x00000000     0x995e
 .debug_line    0x00000000      0x6bb ./Static_Code/System/CPU_Init.o
 .debug_line    0x000006bb      0xc5a ./Static_Code/System/Vectors.o
 .debug_line    0x00001315      0xa91 ./Sources/Drawshapes.o
 .debug_line    0x00001da6      0x7cf ./Sources/Events.o
 .debug_line    0x00002575      0x955 ./Sources/GUI.o
 .debug_line    0x00002eca      0x9f7 ./Sources/Motors.o
 .debug_line    0x000038c1      0x839 ./Sources/main.o
 .debug_line    0x000040fa      0x3c8 ./Project_Settings/Startup_Code/startup.o
 .debug_line    0x000044c2      0x453 ./Generated_Code/ASerialLdd1.o
 .debug_line    0x00004915      0x398 ./Generated_Code/BitIoLdd1.o
 .debug_line    0x00004cad      0x39e ./Generated_Code/BitIoLdd10.o
 .debug_line    0x0000504b      0x39e ./Generated_Code/BitIoLdd11.o
 .debug_line    0x000053e9      0x39e ./Generated_Code/BitIoLdd12.o
 .debug_line    0x00005787      0x386 ./Generated_Code/BitIoLdd2.o
 .debug_line    0x00005b0d      0x398 ./Generated_Code/BitIoLdd3.o
 .debug_line    0x00005ea5      0x386 ./Generated_Code/BitIoLdd4.o
 .debug_line    0x0000622b      0x398 ./Generated_Code/BitIoLdd5.o
 .debug_line    0x000065c3      0x386 ./Generated_Code/BitIoLdd6.o
 .debug_line    0x00006949      0x39c ./Generated_Code/BitIoLdd7.o
 .debug_line    0x00006ce5      0x39c ./Generated_Code/BitIoLdd8.o
 .debug_line    0x00007081      0x39c ./Generated_Code/BitIoLdd9.o
 .debug_line    0x0000741d      0x5a6 ./Generated_Code/Cpu.o
 .debug_line    0x000079c3      0x6ca ./Generated_Code/Inhr1.o
 .debug_line    0x0000808d      0x54f ./Generated_Code/PE_LDD.o
 .debug_line    0x000085dc      0x3b7 ./Generated_Code/PwmLdd1.o
 .debug_line    0x00008993      0x3de ./Generated_Code/RealTimeLdd1.o
 .debug_line    0x00008d71      0x3cf ./Generated_Code/TU1.o
 .debug_line    0x00009140      0x388 ./Generated_Code/TU2.o
 .debug_line    0x000094c8      0x496 ./Generated_Code/Term1.o

.debug_str      0x00000000    0xc0746
 .debug_str     0x00000000    0x5a0c6 ./Static_Code/System/CPU_Init.o
                              0x5a276 (size before relaxing)
 .debug_str     0x0005a0c6      0x980 ./Static_Code/System/Vectors.o
                              0x5a697 (size before relaxing)
 .debug_str     0x0005aa46    0x643e5 ./Sources/Drawshapes.o
                              0xbd376 (size before relaxing)
 .debug_str     0x000bee2b       0x2d ./Sources/Events.o
                              0xbcc83 (size before relaxing)
 .debug_str     0x000bee58       0xbe ./Sources/GUI.o
                              0xbcd27 (size before relaxing)
 .debug_str     0x000bef16       0x8d ./Sources/Motors.o
                              0xbcd44 (size before relaxing)
 .debug_str     0x000befa3       0x12 ./Sources/main.o
                              0xbcccd (size before relaxing)
 .debug_str     0x000befb5      0x186 ./Project_Settings/Startup_Code/startup.o
                              0x45bc2 (size before relaxing)
 .debug_str     0x000bf13b      0x3c2 ./Generated_Code/ASerialLdd1.o
                              0x5b6db (size before relaxing)
 .debug_str     0x000bf4fd       0xf8 ./Generated_Code/BitIoLdd1.o
                              0x4d583 (size before relaxing)
 .debug_str     0x000bf5f5       0xba ./Generated_Code/BitIoLdd10.o
                              0x4d599 (size before relaxing)
 .debug_str     0x000bf6af       0xba ./Generated_Code/BitIoLdd11.o
                              0x4d599 (size before relaxing)
 .debug_str     0x000bf769       0xba ./Generated_Code/BitIoLdd12.o
                              0x4d599 (size before relaxing)
 .debug_str     0x000bf823       0xa0 ./Generated_Code/BitIoLdd2.o
                              0x4d551 (size before relaxing)
 .debug_str     0x000bf8c3       0xb1 ./Generated_Code/BitIoLdd3.o
                              0x4d583 (size before relaxing)
 .debug_str     0x000bf974       0xa0 ./Generated_Code/BitIoLdd4.o
                              0x4d551 (size before relaxing)
 .debug_str     0x000bfa14       0xb1 ./Generated_Code/BitIoLdd5.o
                              0x4d585 (size before relaxing)
 .debug_str     0x000bfac5       0xa0 ./Generated_Code/BitIoLdd6.o
                              0x4d551 (size before relaxing)
 .debug_str     0x000bfb65       0xb1 ./Generated_Code/BitIoLdd7.o
                              0x4d585 (size before relaxing)
 .debug_str     0x000bfc16       0xb1 ./Generated_Code/BitIoLdd8.o
                              0x4d585 (size before relaxing)
 .debug_str     0x000bfcc7       0xb1 ./Generated_Code/BitIoLdd9.o
                              0x4d585 (size before relaxing)
 .debug_str     0x000bfd78       0x28 ./Generated_Code/Cpu.o
                              0x58cee (size before relaxing)
 .debug_str     0x000bfda0      0x263 ./Generated_Code/Inhr1.o
                              0x58fbe (size before relaxing)
 .debug_str     0x000c0003      0x166 ./Generated_Code/PE_LDD.o
                              0x58e87 (size before relaxing)
 .debug_str     0x000c0169       0xe1 ./Generated_Code/PwmLdd1.o
                              0x55aea (size before relaxing)
 .debug_str     0x000c024a       0xe0 ./Generated_Code/RealTimeLdd1.o
                              0x55a53 (size before relaxing)
 .debug_str     0x000c032a      0x241 ./Generated_Code/TU1.o
                              0x55bd1 (size before relaxing)
 .debug_str     0x000c056b       0xdc ./Generated_Code/TU2.o
                              0x55bd4 (size before relaxing)
 .debug_str     0x000c0647       0xff ./Generated_Code/Term1.o
                              0x4c7ce (size before relaxing)

.comment        0x00000000       0x70
 .comment       0x00000000       0x70 ./Static_Code/System/CPU_Init.o
                                 0x71 (size before relaxing)
 .comment       0x00000000       0x71 ./Static_Code/System/Vectors.o
 .comment       0x00000000       0x71 ./Sources/Drawshapes.o
 .comment       0x00000000       0x71 ./Sources/Events.o
 .comment       0x00000000       0x71 ./Sources/GUI.o
 .comment       0x00000000       0x71 ./Sources/Motors.o
 .comment       0x00000000       0x71 ./Sources/main.o
 .comment       0x00000000       0x71 ./Project_Settings/Startup_Code/startup.o
 .comment       0x00000000       0x71 ./Generated_Code/ASerialLdd1.o
 .comment       0x00000000       0x71 ./Generated_Code/BitIoLdd1.o
 .comment       0x00000000       0x71 ./Generated_Code/BitIoLdd10.o
 .comment       0x00000000       0x71 ./Generated_Code/BitIoLdd11.o
 .comment       0x00000000       0x71 ./Generated_Code/BitIoLdd12.o
 .comment       0x00000000       0x71 ./Generated_Code/BitIoLdd2.o
 .comment       0x00000000       0x71 ./Generated_Code/BitIoLdd3.o
 .comment       0x00000000       0x71 ./Generated_Code/BitIoLdd4.o
 .comment       0x00000000       0x71 ./Generated_Code/BitIoLdd5.o
 .comment       0x00000000       0x71 ./Generated_Code/BitIoLdd6.o
 .comment       0x00000000       0x71 ./Generated_Code/BitIoLdd7.o
 .comment       0x00000000       0x71 ./Generated_Code/BitIoLdd8.o
 .comment       0x00000000       0x71 ./Generated_Code/BitIoLdd9.o
 .comment       0x00000000       0x71 ./Generated_Code/Cpu.o
 .comment       0x00000000       0x71 ./Generated_Code/Inhr1.o
 .comment       0x00000000       0x71 ./Generated_Code/PE_LDD.o
 .comment       0x00000000       0x71 ./Generated_Code/PwmLdd1.o
 .comment       0x00000000       0x71 ./Generated_Code/RealTimeLdd1.o
 .comment       0x00000000       0x71 ./Generated_Code/TU1.o
 .comment       0x00000000       0x71 ./Generated_Code/TU2.o
 .comment       0x00000000       0x71 ./Generated_Code/Term1.o

.debug_frame    0x00000000     0x2290
 .debug_frame   0x00000000       0x9c ./Static_Code/System/CPU_Init.o
 .debug_frame   0x0000009c      0xcb0 ./Static_Code/System/Vectors.o
 .debug_frame   0x00000d4c       0x90 ./Sources/Drawshapes.o
 .debug_frame   0x00000ddc       0x44 ./Sources/Events.o
 .debug_frame   0x00000e20      0x194 ./Sources/GUI.o
 .debug_frame   0x00000fb4      0x168 ./Sources/Motors.o
 .debug_frame   0x0000111c       0x30 ./Sources/main.o
 .debug_frame   0x0000114c       0xc0 ./Project_Settings/Startup_Code/startup.o
 .debug_frame   0x0000120c       0xec ./Generated_Code/ASerialLdd1.o
 .debug_frame   0x000012f8       0xb8 ./Generated_Code/BitIoLdd1.o
 .debug_frame   0x000013b0       0xb8 ./Generated_Code/BitIoLdd10.o
 .debug_frame   0x00001468       0xb8 ./Generated_Code/BitIoLdd11.o
 .debug_frame   0x00001520       0xb8 ./Generated_Code/BitIoLdd12.o
 .debug_frame   0x000015d8       0x9c ./Generated_Code/BitIoLdd2.o
 .debug_frame   0x00001674       0xb8 ./Generated_Code/BitIoLdd3.o
 .debug_frame   0x0000172c       0x9c ./Generated_Code/BitIoLdd4.o
 .debug_frame   0x000017c8       0xb8 ./Generated_Code/BitIoLdd5.o
 .debug_frame   0x00001880       0x9c ./Generated_Code/BitIoLdd6.o
 .debug_frame   0x0000191c       0xb8 ./Generated_Code/BitIoLdd7.o
 .debug_frame   0x000019d4       0xb8 ./Generated_Code/BitIoLdd8.o
 .debug_frame   0x00001a8c       0xb8 ./Generated_Code/BitIoLdd9.o
 .debug_frame   0x00001b44       0x50 ./Generated_Code/Cpu.o
 .debug_frame   0x00001b94      0x118 ./Generated_Code/Inhr1.o
 .debug_frame   0x00001cac       0x64 ./Generated_Code/PE_LDD.o
 .debug_frame   0x00001d10       0xd0 ./Generated_Code/PwmLdd1.o
 .debug_frame   0x00001de0       0xa4 ./Generated_Code/RealTimeLdd1.o
 .debug_frame   0x00001e84       0xb8 ./Generated_Code/TU1.o
 .debug_frame   0x00001f3c       0x6c ./Generated_Code/TU2.o
 .debug_frame   0x00001fa8      0x178 ./Generated_Code/Term1.o
 .debug_frame   0x00002120       0x38 c:/freescale/kds_v3/toolchain/bin/../lib/gcc/arm-none-eabi/4.8.4/../../../../arm-none-eabi/lib/armv7e-m/fpu\libm.a(lib_a-w_sqrt.o)
 .debug_frame   0x00002158       0x3c c:/freescale/kds_v3/toolchain/bin/../lib/gcc/arm-none-eabi/4.8.4/../../../../arm-none-eabi/lib/armv7e-m/fpu\libm.a(lib_a-e_sqrt.o)
 .debug_frame   0x00002194       0x28 c:/freescale/kds_v3/toolchain/bin/../lib/gcc/arm-none-eabi/4.8.4/../../../../arm-none-eabi/lib/armv7e-m/fpu\libm.a(lib_a-s_fpclassify.o)
 .debug_frame   0x000021bc       0x20 c:/freescale/kds_v3/toolchain/bin/../lib/gcc/arm-none-eabi/4.8.4/../../../../arm-none-eabi/lib/armv7e-m/fpu\libm.a(lib_a-s_matherr.o)
 .debug_frame   0x000021dc       0x20 c:/freescale/kds_v3/toolchain/bin/../lib/gcc/arm-none-eabi/4.8.4/../../../../arm-none-eabi/lib/armv7e-m/fpu\libg_s.a(lib_a-errno.o)
 .debug_frame   0x000021fc       0x28 c:/freescale/kds_v3/toolchain/bin/../lib/gcc/arm-none-eabi/4.8.4/../../../../arm-none-eabi/lib/armv7e-m/fpu\libg_s.a(lib_a-exit.o)
 .debug_frame   0x00002224       0x2c c:/freescale/kds_v3/toolchain/bin/../lib/gcc/arm-none-eabi/4.8.4/../../../../arm-none-eabi/lib/armv7e-m/fpu\libg_s.a(lib_a-init.o)
 .debug_frame   0x00002250       0x20 c:/freescale/kds_v3/toolchain/bin/../lib/gcc/arm-none-eabi/4.8.4/../../../../arm-none-eabi/lib/armv7e-m/fpu\libg_s.a(lib_a-memset.o)
 .debug_frame   0x00002270       0x20 c:/freescale/kds_v3/toolchain/bin/../lib/gcc/arm-none-eabi/4.8.4/../../../../arm-none-eabi/lib/armv7e-m/fpu\libnosys.a(_exit.o)
